bno055.c:40:6:bno055_setPage	16	static
bno055.c:45:17:bno055_getOperationMode	16	static
bno055.c:52:6:bno055_setOperationMode	16	static
bno055.c:65:6:bno055_setOperationModeConfig	8	static
bno055.c:70:6:bno055_setOperationModeNDOF	8	static
bno055.c:75:6:bno055_setUnits	24	static
bno055.c:81:6:bno055_setExternalCrystalUse	24	static
bno055.c:91:6:bno055_enableExternalCrystal	8	static
bno055.c:92:6:bno055_disableExternalCrystal	8	static
bno055.c:94:6:bno055_reset	8	static
bno055.c:100:8:bno055_getTemp	16	static
bno055.c:108:6:bno055_setup	16	static
bno055.c:128:6:bno055_begin	16	static
bno055.c:139:9:bno055_getSWRevision	16	static
bno055.c:147:9:bno055_getBootloaderRevision	16	static
bno055.c:155:9:bno055_getSystemStatus	16	static
bno055.c:163:27:bno055_getSelfTestResult	24	static
bno055.c:177:9:bno055_getSystemError	16	static
bno055.c:185:9:bno055_getUnits	16	static
bno055.c:229:28:bno055_getCalibrationState	24	static
bno055.c:242:27:bno055_getCalibrationData	72	static
bno055.c:264:6:bno055_setCalibrationData	32	static
bno055.c:288:17:bno055_getVector	144	static
bno055.c:339:17:bno055_getVectorAccelerometer	88	static
bno055.c:343:17:bno055_getVectorMagnetometer	88	static
bno055.c:347:17:bno055_getVectorGyroscope	88	static
bno055.c:351:17:bno055_getVectorEuler	88	static
bno055.c:355:17:bno055_getVectorLinearAccel	88	static
bno055.c:359:17:bno055_getVectorGravity	88	static
bno055.c:363:17:bno055_getVectorQuaternion	88	static
bno055.c:368:6:bno055_setAxisMap	24	static
bno055.c:377:6:bno055_assignI2C	16	static
bno055.c:382:6:bno055_delay	16	static
bno055.c:391:6:bno055_writeData	32	static
bno055.c:499:6:bno055_readData	32	static
