keya_driver.c:20:15:checkoutReply	24	static
keya_driver.c:45:15:get_converted_data	176	static
keya_driver.c:86:15:send_command	88	dynamic
keya_driver.c:100:15:send_command_params_reading	104	dynamic
keya_driver.c:132:15:send_command_params	104	dynamic
keya_driver.c:153:15:send_command_reading	32	static
keya_driver.c:171:13:keya_get_info	88	static
keya_driver.c:195:7:get_speed	24	static
keya_driver.c:208:15:get_status	4	static
keya_driver.c:213:6:get_motor_power	24	static
keya_driver.c:226:6:get_battery_current	24	static
keya_driver.c:239:6:get_temperature	32	static
keya_driver.c:253:6:get_voltage	32	static
keya_driver.c:265:7:get_fault_idn	24	static
keya_driver.c:278:6:get_state_idn	24	static
keya_driver.c:291:7:get_lock_state	24	static
keya_driver.c:302:15:set_speed	24	static
keya_driver.c:311:15:set_soft_start	32	static
keya_driver.c:325:15:set_soft_stop	32	static
keya_driver.c:338:15:find_out	24	static
keya_driver.c:351:6:write_keya	24	static
keya_driver.c:358:6:read_keya	24	static
