SparkFun_Qwiic_Relay.c:38:6:Qwiic_Relay_begin	24	static
SparkFun_Qwiic_Relay.c:52:7:Qwiic_Relay_singleRelayVersion	24	static
SparkFun_Qwiic_Relay.c:59:6:Qwiic_Relay_setSlowPWM	16	static
SparkFun_Qwiic_Relay.c:65:9:Qwiic_Relay_getSlowPWM	16	static
SparkFun_Qwiic_Relay.c:73:6:Qwiic_Relay_turnRelayOn	16	static
SparkFun_Qwiic_Relay.c:86:6:Qwiic_Relay_turnRelayOff	16	static
SparkFun_Qwiic_Relay.c:100:6:Qwiic_Relay_toggleRelay	24	static
SparkFun_Qwiic_Relay.c:127:6:Qwiic_Relay_turnAllRelaysOn	16	static
SparkFun_Qwiic_Relay.c:134:6:Qwiic_Relay_turnAllRelaysOff	16	static
SparkFun_Qwiic_Relay.c:141:6:Qwiic_Relay_toggleAllRelays	16	static
SparkFun_Qwiic_Relay.c:148:9:Qwiic_Relay_getState	24	static
SparkFun_Qwiic_Relay.c:176:6:Qwiic_Relay_changeAddress	24	static
SparkFun_Qwiic_Relay.c:187:6:Qwiic_Relay_writeAddress	24	static
SparkFun_Qwiic_Relay.c:196:6:Qwiic_Relay_writeCommandOn	24	static
SparkFun_Qwiic_Relay.c:262:6:Qwiic_Relay_writeCommandToggle	16	static
SparkFun_Qwiic_Relay.c:271:6:Qwiic_Relay_writeCommandOff	24	static
SparkFun_Qwiic_Relay.c:337:9:Qwiic_Relay_readCommand	24	static
SparkFun_Qwiic_Relay.c:348:7:Qwiic_Relay_readVersion	24	static
SparkFun_Qwiic_Relay.c:358:6:Qwiic_Relay_delay	16	static
SparkFun_Qwiic_Relay.c:367:6:Qwiic_Relay_writeData	40	static
SparkFun_Qwiic_Relay.c:482:6:Qwiic_Relay_readData	40	static
