Archive member included to satisfy reference by file (symbol)

c:/st/stm32cubeide_1.8.0/stm32cubeide/plugins/com.st.stm32cube.ide.mcu.externaltools.gnu-tools-for-stm32.9-2020-q2-update.win32_2.0.0.202105311346/tools/bin/../lib/gcc/arm-none-eabi/9.3.1/../../../../arm-none-eabi/lib/thumb/v7e-m+dp/hard\libc_nano.a(lib_a-atoi.o)
                              ./Core/Inc/LibreriasStm32/keya_driver.o (atoi)
c:/st/stm32cubeide_1.8.0/stm32cubeide/plugins/com.st.stm32cube.ide.mcu.externaltools.gnu-tools-for-stm32.9-2020-q2-update.win32_2.0.0.202105311346/tools/bin/../lib/gcc/arm-none-eabi/9.3.1/../../../../arm-none-eabi/lib/thumb/v7e-m+dp/hard\libc_nano.a(lib_a-ctype_.o)
                              ./Core/Inc/LibreriasStm32/keya_driver.o (_ctype_)
c:/st/stm32cubeide_1.8.0/stm32cubeide/plugins/com.st.stm32cube.ide.mcu.externaltools.gnu-tools-for-stm32.9-2020-q2-update.win32_2.0.0.202105311346/tools/bin/../lib/gcc/arm-none-eabi/9.3.1/../../../../arm-none-eabi/lib/thumb/v7e-m+dp/hard\libc_nano.a(lib_a-errno.o)
                              ./Core/Src/syscalls.o (__errno)
c:/st/stm32cubeide_1.8.0/stm32cubeide/plugins/com.st.stm32cube.ide.mcu.externaltools.gnu-tools-for-stm32.9-2020-q2-update.win32_2.0.0.202105311346/tools/bin/../lib/gcc/arm-none-eabi/9.3.1/../../../../arm-none-eabi/lib/thumb/v7e-m+dp/hard\libc_nano.a(lib_a-exit.o)
                              c:/st/stm32cubeide_1.8.0/stm32cubeide/plugins/com.st.stm32cube.ide.mcu.externaltools.gnu-tools-for-stm32.9-2020-q2-update.win32_2.0.0.202105311346/tools/bin/../lib/gcc/arm-none-eabi/9.3.1/../../../../arm-none-eabi/lib/thumb/v7e-m+dp/hard/crt0.o (exit)
c:/st/stm32cubeide_1.8.0/stm32cubeide/plugins/com.st.stm32cube.ide.mcu.externaltools.gnu-tools-for-stm32.9-2020-q2-update.win32_2.0.0.202105311346/tools/bin/../lib/gcc/arm-none-eabi/9.3.1/../../../../arm-none-eabi/lib/thumb/v7e-m+dp/hard\libc_nano.a(lib_a-findfp.o)
                              ./Middlewares/Third_Party/FreeRTOS/Source/tasks.o (__sf_fake_stderr)
c:/st/stm32cubeide_1.8.0/stm32cubeide/plugins/com.st.stm32cube.ide.mcu.externaltools.gnu-tools-for-stm32.9-2020-q2-update.win32_2.0.0.202105311346/tools/bin/../lib/gcc/arm-none-eabi/9.3.1/../../../../arm-none-eabi/lib/thumb/v7e-m+dp/hard\libc_nano.a(lib_a-fwalk.o)
                              c:/st/stm32cubeide_1.8.0/stm32cubeide/plugins/com.st.stm32cube.ide.mcu.externaltools.gnu-tools-for-stm32.9-2020-q2-update.win32_2.0.0.202105311346/tools/bin/../lib/gcc/arm-none-eabi/9.3.1/../../../../arm-none-eabi/lib/thumb/v7e-m+dp/hard\libc_nano.a(lib_a-findfp.o) (_fwalk)
c:/st/stm32cubeide_1.8.0/stm32cubeide/plugins/com.st.stm32cube.ide.mcu.externaltools.gnu-tools-for-stm32.9-2020-q2-update.win32_2.0.0.202105311346/tools/bin/../lib/gcc/arm-none-eabi/9.3.1/../../../../arm-none-eabi/lib/thumb/v7e-m+dp/hard\libc_nano.a(lib_a-impure.o)
                              c:/st/stm32cubeide_1.8.0/stm32cubeide/plugins/com.st.stm32cube.ide.mcu.externaltools.gnu-tools-for-stm32.9-2020-q2-update.win32_2.0.0.202105311346/tools/bin/../lib/gcc/arm-none-eabi/9.3.1/../../../../arm-none-eabi/lib/thumb/v7e-m+dp/hard\libc_nano.a(lib_a-exit.o) (_global_impure_ptr)
c:/st/stm32cubeide_1.8.0/stm32cubeide/plugins/com.st.stm32cube.ide.mcu.externaltools.gnu-tools-for-stm32.9-2020-q2-update.win32_2.0.0.202105311346/tools/bin/../lib/gcc/arm-none-eabi/9.3.1/../../../../arm-none-eabi/lib/thumb/v7e-m+dp/hard\libc_nano.a(lib_a-init.o)
                              c:/st/stm32cubeide_1.8.0/stm32cubeide/plugins/com.st.stm32cube.ide.mcu.externaltools.gnu-tools-for-stm32.9-2020-q2-update.win32_2.0.0.202105311346/tools/bin/../lib/gcc/arm-none-eabi/9.3.1/../../../../arm-none-eabi/lib/thumb/v7e-m+dp/hard/crt0.o (__libc_init_array)
c:/st/stm32cubeide_1.8.0/stm32cubeide/plugins/com.st.stm32cube.ide.mcu.externaltools.gnu-tools-for-stm32.9-2020-q2-update.win32_2.0.0.202105311346/tools/bin/../lib/gcc/arm-none-eabi/9.3.1/../../../../arm-none-eabi/lib/thumb/v7e-m+dp/hard\libc_nano.a(lib_a-lock.o)
                              c:/st/stm32cubeide_1.8.0/stm32cubeide/plugins/com.st.stm32cube.ide.mcu.externaltools.gnu-tools-for-stm32.9-2020-q2-update.win32_2.0.0.202105311346/tools/bin/../lib/gcc/arm-none-eabi/9.3.1/../../../../arm-none-eabi/lib/thumb/v7e-m+dp/hard\libc_nano.a(lib_a-findfp.o) (__retarget_lock_init_recursive)
c:/st/stm32cubeide_1.8.0/stm32cubeide/plugins/com.st.stm32cube.ide.mcu.externaltools.gnu-tools-for-stm32.9-2020-q2-update.win32_2.0.0.202105311346/tools/bin/../lib/gcc/arm-none-eabi/9.3.1/../../../../arm-none-eabi/lib/thumb/v7e-m+dp/hard\libc_nano.a(lib_a-malloc.o)
                              ./Core/Inc/LibreriasStm32/keya_driver.o (malloc)
c:/st/stm32cubeide_1.8.0/stm32cubeide/plugins/com.st.stm32cube.ide.mcu.externaltools.gnu-tools-for-stm32.9-2020-q2-update.win32_2.0.0.202105311346/tools/bin/../lib/gcc/arm-none-eabi/9.3.1/../../../../arm-none-eabi/lib/thumb/v7e-m+dp/hard\libc_nano.a(lib_a-memcpy-stub.o)
                              ./Core/Inc/LibreriasStm32/bno055.o (memcpy)
[...]
Memory Configuration

Name             Origin             Length             Attributes
RAM              0x0000000020000000 0x0000000000080000 xrw
FLASH            0x0000000008000000 0x0000000000200000 xr
*default*        0x0000000000000000 0xffffffffffffffff

Linker script and memory map

LOAD c:/st/stm32cubeide_1.8.0/stm32cubeide/plugins/com.st.stm32cube.ide.mcu.externaltools.gnu-tools-for-stm32.9-2020-q2-update.win32_2.0.0.202105311346/tools/bin/../lib/gcc/arm-none-eabi/9.3.1/thumb/v7e-m+dp/hard/crti.o
LOAD c:/st/stm32cubeide_1.8.0/stm32cubeide/plugins/com.st.stm32cube.ide.mcu.externaltools.gnu-tools-for-stm32.9-2020-q2-update.win32_2.0.0.202105311346/tools/bin/../lib/gcc/arm-none-eabi/9.3.1/thumb/v7e-m+dp/hard/crtbegin.o
LOAD c:/st/stm32cubeide_1.8.0/stm32cubeide/plugins/com.st.stm32cube.ide.mcu.externaltools.gnu-tools-for-stm32.9-2020-q2-update.win32_2.0.0.202105311346/tools/bin/../lib/gcc/arm-none-eabi/9.3.1/../../../../arm-none-eabi/lib/thumb/v7e-m+dp/hard/crt0.o
LOAD ./Core/Inc/LibreriasStm32/ChipCap2.o
LOAD ./Core/Inc/LibreriasStm32/MDC100.o
LOAD ./Core/Inc/LibreriasStm32/R12DS.o
LOAD ./Core/Inc/LibreriasStm32/SparkFun_Qwiic_Relay.o
LOAD ./Core/Inc/LibreriasStm32/bluetooth.o
LOAD ./Core/Inc/LibreriasStm32/bno055.o
LOAD ./Core/Inc/LibreriasStm32/keya_driver.o
LOAD ./Core/Inc/LibreriasStm32/kinematics.o
LOAD ./Core/Inc/LibreriasStm32/tf02Pro.o
LOAD ./Core/Src/freertos.o
LOAD ./Core/Src/main.o
LOAD ./Core/Src/stm32f7xx_hal_msp.o
LOAD ./Core/Src/stm32f7xx_hal_timebase_tim.o
LOAD ./Core/Src/stm32f7xx_it.o
LOAD ./Core/Src/syscalls.o
LOAD ./Core/Src/sysmem.o
LOAD ./Core/Src/system_stm32f7xx.o
LOAD ./Core/Startup/startup_stm32f767zitx.o
LOAD ./Drivers/STM32F7xx_HAL_Driver/Src/stm32f7xx_hal.o
LOAD ./Drivers/STM32F7xx_HAL_Driver/Src/stm32f7xx_hal_cortex.o
LOAD ./Drivers/STM32F7xx_HAL_Driver/Src/stm32f7xx_hal_dma.o
LOAD ./Drivers/STM32F7xx_HAL_Driver/Src/stm32f7xx_hal_dma_ex.o
LOAD ./Drivers/STM32F7xx_HAL_Driver/Src/stm32f7xx_hal_exti.o
LOAD ./Drivers/STM32F7xx_HAL_Driver/Src/stm32f7xx_hal_flash.o
LOAD ./Drivers/STM32F7xx_HAL_Driver/Src/stm32f7xx_hal_flash_ex.o
LOAD ./Drivers/STM32F7xx_HAL_Driver/Src/stm32f7xx_hal_gpio.o
LOAD ./Drivers/STM32F7xx_HAL_Driver/Src/stm32f7xx_hal_i2c.o
LOAD ./Drivers/STM32F7xx_HAL_Driver/Src/stm32f7xx_hal_i2c_ex.o
LOAD ./Drivers/STM32F7xx_HAL_Driver/Src/stm32f7xx_hal_pwr.o
LOAD ./Drivers/STM32F7xx_HAL_Driver/Src/stm32f7xx_hal_pwr_ex.o
LOAD ./Drivers/STM32F7xx_HAL_Driver/Src/stm32f7xx_hal_rcc.o
LOAD ./Drivers/STM32F7xx_HAL_Driver/Src/stm32f7xx_hal_rcc_ex.o
LOAD ./Drivers/STM32F7xx_HAL_Driver/Src/stm32f7xx_hal_tim.o
LOAD ./Drivers/STM32F7xx_HAL_Driver/Src/stm32f7xx_hal_tim_ex.o
LOAD ./Drivers/STM32F7xx_HAL_Driver/Src/stm32f7xx_hal_uart.o
LOAD ./Drivers/STM32F7xx_HAL_Driver/Src/stm32f7xx_hal_uart_ex.o
LOAD ./Middlewares/Third_Party/FreeRTOS/Source/CMSIS_RTOS_V2/cmsis_os2.o
LOAD ./Middlewares/Third_Party/FreeRTOS/Source/croutine.o
LOAD ./Middlewares/Third_Party/FreeRTOS/Source/event_groups.o
LOAD ./Middlewares/Third_Party/FreeRTOS/Source/list.o
LOAD ./Middlewares/Third_Party/FreeRTOS/Source/queue.o
LOAD ./Middlewares/Third_Party/FreeRTOS/Source/stream_buffer.o
LOAD ./Middlewares/Third_Party/FreeRTOS/Source/tasks.o
LOAD ./Middlewares/Third_Party/FreeRTOS/Source/timers.o
LOAD ./Middlewares/Third_Party/FreeRTOS/Source/portable/GCC/ARM_CM7/r0p1/port.o
LOAD ./Middlewares/Third_Party/FreeRTOS/Source/portable/MemMang/heap_4.o
START GROUP
LOAD c:/st/stm32cubeide_1.8.0/stm32cubeide/plugins/com.st.stm32cube.ide.mcu.externaltools.gnu-tools-for-stm32.9-2020-q2-update.win32_2.0.0.202105311346/tools/bin/../lib/gcc/arm-none-eabi/9.3.1/../../../../arm-none-eabi/lib/thumb/v7e-m+dp/hard\libc_nano.a
LOAD c:/st/stm32cubeide_1.8.0/stm32cubeide/plugins/com.st.stm32cube.ide.mcu.externaltools.gnu-tools-for-stm32.9-2020-q2-update.win32_2.0.0.202105311346/tools/bin/../lib/gcc/arm-none-eabi/9.3.1/../../../../arm-none-eabi/lib/thumb/v7e-m+dp/hard\libm.a
END GROUP
START GROUP
LOAD c:/st/stm32cubeide_1.8.0/stm32cubeide/plugins/com.st.stm32cube.ide.mcu.externaltools.gnu-tools-for-stm32.9-2020-q2-update.win32_2.0.0.202105311346/tools/bin/../lib/gcc/arm-none-eabi/9.3.1/thumb/v7e-m+dp/hard\libgcc.a
LOAD c:/st/stm32cubeide_1.8.0/stm32cubeide/plugins/com.st.stm32cube.ide.mcu.externaltools.gnu-tools-for-stm32.9-2020-q2-update.win32_2.0.0.202105311346/tools/bin/../lib/gcc/arm-none-eabi/9.3.1/../../../../arm-none-eabi/lib/thumb/v7e-m+dp/hard\libc_nano.a
END GROUP
START GROUP
LOAD c:/st/stm32cubeide_1.8.0/stm32cubeide/plugins/com.st.stm32cube.ide.mcu.externaltools.gnu-tools-for-stm32.9-2020-q2-update.win32_2.0.0.202105311346/tools/bin/../lib/gcc/arm-none-eabi/9.3.1/thumb/v7e-m+dp/hard\libgcc.a
LOAD c:/st/stm32cubeide_1.8.0/stm32cubeide/plugins/com.st.stm32cube.ide.mcu.externaltools.gnu-tools-for-stm32.9-2020-q2-update.win32_2.0.0.202105311346/tools/bin/../lib/gcc/arm-none-eabi/9.3.1/../../../../arm-none-eabi/lib/thumb/v7e-m+dp/hard\libc_nano.a
LOAD c:/st/stm32cubeide_1.8.0/stm32cubeide/plugins/com.st.stm32cube.ide.mcu.externaltools.gnu-tools-for-stm32.9-2020-q2-update.win32_2.0.0.202105311346/tools/bin/../lib/gcc/arm-none-eabi/9.3.1/../../../../arm-none-eabi/lib/thumb/v7e-m+dp/hard\libnosys.a
END GROUP
START GROUP
LOAD c:/st/stm32cubeide_1.8.0/stm32cubeide/plugins/com.st.stm32cube.ide.mcu.externaltools.gnu-tools-for-stm32.9-2020-q2-update.win32_2.0.0.202105311346/tools/bin/../lib/gcc/arm-none-eabi/9.3.1/thumb/v7e-m+dp/hard\libgcc.a
LOAD c:/st/stm32cubeide_1.8.0/stm32cubeide/plugins/com.st.stm32cube.ide.mcu.externaltools.gnu-tools-for-stm32.9-2020-q2-update.win32_2.0.0.202105311346/tools/bin/../lib/gcc/arm-none-eabi/9.3.1/../../../../arm-none-eabi/lib/thumb/v7e-m+dp/hard\libc_nano.a
LOAD c:/st/stm32cubeide_1.8.0/stm32cubeide/plugins/com.st.stm32cube.ide.mcu.externaltools.gnu-tools-for-stm32.9-2020-q2-update.win32_2.0.0.202105311346/tools/bin/../lib/gcc/arm-none-eabi/9.3.1/../../../../arm-none-eabi/lib/thumb/v7e-m+dp/hard\libnosys.a
END GROUP
LOAD c:/st/stm32cubeide_1.8.0/stm32cubeide/plugins/com.st.stm32cube.ide.mcu.externaltools.gnu-tools-for-stm32.9-2020-q2-update.win32_2.0.0.202105311346/tools/bin/../lib/gcc/arm-none-eabi/9.3.1/thumb/v7e-m+dp/hard/crtend.o
LOAD c:/st/stm32cubeide_1.8.0/stm32cubeide/plugins/com.st.stm32cube.ide.mcu.externaltools.gnu-tools-for-stm32.9-2020-q2-update.win32_2.0.0.202105311346/tools/bin/../lib/gcc/arm-none-eabi/9.3.1/thumb/v7e-m+dp/hard/crtn.o
                0x0000000020080000                _estack = (ORIGIN (RAM) + LENGTH (RAM))
                0x0000000000000200                _Min_Heap_Size = 0x200
                0x0000000000000400                _Min_Stack_Size = 0x400

.isr_vector     0x0000000008000000      0x1f8
                0x0000000008000000                . = ALIGN (0x4)
 *(.isr_vector)
 .isr_vector    0x0000000008000000      0x1f8 ./Core/Startup/startup_stm32f767zitx.o
                0x0000000008000000                g_pfnVectors
                0x00000000080001f8                . = ALIGN (0x4)

.text           0x0000000008000200     0xf558
                0x0000000008000200                . = ALIGN (0x4)
 *(.text)
 .text          0x0000000008000200       0x40 c:/st/stm32cubeide_1.8.0/stm32cubeide/plugins/com.st.stm32cube.ide.mcu.externaltools.gnu-tools-for-stm32.9-2020-q2-update.win32_2.0.0.202105311346/tools/bin/../lib/gcc/arm-none-eabi/9.3.1/thumb/v7e-m+dp/hard/crtbegin.o
 .text          0x0000000008000240       0x10 c:/st/stm32cubeide_1.8.0/stm32cubeide/plugins/com.st.stm32cube.ide.mcu.externaltools.gnu-tools-for-stm32.9-2020-q2-update.win32_2.0.0.202105311346/tools/bin/../lib/gcc/arm-none-eabi/9.3.1/../../../../arm-none-eabi/lib/thumb/v7e-m+dp/hard\libc_nano.a(lib_a-strlen.o)
                0x0000000008000240                strlen
 .text          0x0000000008000250       0xa0 c:/st/stm32cubeide_1.8.0/stm32cubeide/plugins/com.st.stm32cube.ide.mcu.externaltools.gnu-tools-for-stm32.9-2020-q2-update.win32_2.0.0.202105311346/tools/bin/../lib/gcc/arm-none-eabi/9.3.1/../../../../arm-none-eabi/lib/thumb/v7e-m+dp/hard\libc_nano.a(lib_a-memchr.o)
                0x0000000008000250                memchr
 .text          0x00000000080002f0      0x378 c:/st/stm32cubeide_1.8.0/stm32cubeide/plugins/com.st.stm32cube.ide.mcu.externaltools.gnu-tools-for-stm32.9-2020-q2-update.win32_2.0.0.202105311346/tools/bin/../lib/gcc/arm-none-eabi/9.3.1/thumb/v7e-m+dp/hard\libgcc.a(_arm_addsubdf3.o)
                0x00000000080002f0                __aeabi_drsub
                0x00000000080002f8                __aeabi_dsub
                0x00000000080002f8                __subdf3
                0x00000000080002fc                __aeabi_dadd
                0x00000000080002fc                __adddf3
                0x0000000008000574                __floatunsidf
                0x0000000008000574                __aeabi_ui2d
                0x0000000008000594                __floatsidf
                0x0000000008000594                __aeabi_i2d
                0x00000000080005b8                __aeabi_f2d
                0x00000000080005b8                __extendsfdf2
                0x00000000080005fc                __floatundidf
                0x00000000080005fc                __aeabi_ul2d
                0x000000000800060c                __floatdidf
                0x000000000800060c                __aeabi_l2d
 .text          0x0000000008000668       0x30 c:/st/stm32cubeide_1.8.0/stm32cubeide/plugins/com.st.stm32cube.ide.mcu.externaltools.gnu-tools-for-stm32.9-2020-q2-update.win32_2.0.0.202105311346/tools/bin/../lib/gcc/arm-none-eabi/9.3.1/thumb/v7e-m+dp/hard\libgcc.a(_aeabi_uldivmod.o)
                0x0000000008000668                __aeabi_uldivmod
 .text          0x0000000008000698       0x30 c:/st/stm32cubeide_1.8.0/stm32cubeide/plugins/com.st.stm32cube.ide.mcu.externaltools.gnu-tools-for-stm32.9-2020-q2-update.win32_2.0.0.202105311346/tools/bin/../lib/gcc/arm-none-eabi/9.3.1/thumb/v7e-m+dp/hard\libgcc.a(_fixdfdi.o)
                0x0000000008000698                __fixdfdi
                0x0000000008000698                __aeabi_d2lz
 .text          0x00000000080006c8       0x40 c:/st/stm32cubeide_1.8.0/stm32cubeide/plugins/com.st.stm32cube.ide.mcu.externaltools.gnu-tools-for-stm32.9-2020-q2-update.win32_2.0.0.202105311346/tools/bin/../lib/gcc/arm-none-eabi/9.3.1/thumb/v7e-m+dp/hard\libgcc.a(_fixunsdfdi.o)
                0x00000000080006c8                __fixunsdfdi
                0x00000000080006c8                __aeabi_d2ulz
 .text          0x0000000008000708      0x2c4 c:/st/stm32cubeide_1.8.0/stm32cubeide/plugins/com.st.stm32cube.ide.mcu.externaltools.gnu-tools-for-stm32.9-2020-q2-update.win32_2.0.0.202105311346/tools/bin/../lib/gcc/arm-none-eabi/9.3.1/thumb/v7e-m+dp/hard\libgcc.a(_udivmoddi4.o)
                0x0000000008000708                __udivmoddi4
 .text          0x00000000080009cc        0x4 c:/st/stm32cubeide_1.8.0/stm32cubeide/plugins/com.st.stm32cube.ide.mcu.externaltools.gnu-tools-for-stm32.9-2020-q2-update.win32_2.0.0.202105311346/tools/bin/../lib/gcc/arm-none-eabi/9.3.1/thumb/v7e-m+dp/hard\libgcc.a(_dvmd_tls.o)
                0x00000000080009cc                __aeabi_idiv0
                0x00000000080009cc                __aeabi_ldiv0
 *(.text*)
 .text.r9ds_getChannels
                0x00000000080009d0      0x284 ./Core/Inc/LibreriasStm32/R12DS.o
                0x00000000080009d0                r9ds_getChannels
 .text.r9ds_readData
                0x0000000008000c54       0xc4 ./Core/Inc/LibreriasStm32/R12DS.o
                0x0000000008000c54                r9ds_readData
 .text.updateCallback
                0x0000000008000d18      0x21c ./Core/Inc/LibreriasStm32/R12DS.o
                0x0000000008000d18                updateCallback
 .text.convertSwitch
                0x0000000008000f34       0x64 ./Core/Inc/LibreriasStm32/R12DS.o
                0x0000000008000f34                convertSwitch
 .text.convert3Switch
                0x0000000008000f98       0x88 ./Core/Inc/LibreriasStm32/R12DS.o
                0x0000000008000f98                convert3Switch
 .text.convertKnob
                0x0000000008001020       0xb0 ./Core/Inc/LibreriasStm32/R12DS.o
                0x0000000008001020                convertKnob
 .text.set_speed
                0x00000000080010d0       0x38 ./Core/Inc/LibreriasStm32/keya_driver.o
                0x00000000080010d0                set_speed
 .text.write_keya
                0x0000000008001108       0x34 ./Core/Inc/LibreriasStm32/keya_driver.o
                0x0000000008001108                write_keya
 .text.cmddriver
                0x000000000800113c       0xd4 ./Core/Inc/LibreriasStm32/kinematics.o
                0x000000000800113c                cmddriver
 .text.controlvel
                0x0000000008001210       0x98 ./Core/Inc/LibreriasStm32/kinematics.o
                0x0000000008001210                controlvel
 .text.main     0x00000000080012a8      0x158 ./Core/Src/main.o
                0x00000000080012a8                main
 .text.SystemClock_Config
                0x0000000008001400       0xdc ./Core/Src/main.o
                0x0000000008001400                SystemClock_Config
 .text.MX_TIM1_Init
                0x00000000080014dc      0x158 ./Core/Src/main.o
 .text.MX_TIM2_Init
                0x0000000008001634       0xec ./Core/Src/main.o
 .text.MX_TIM3_Init
                0x0000000008001720       0xec ./Core/Src/main.o
 .text.MX_TIM4_Init
                0x000000000800180c       0xec ./Core/Src/main.o
 .text.MX_USART3_UART_Init
                0x00000000080018f8       0x70 ./Core/Src/main.o
 .text.MX_USART6_UART_Init
                0x0000000008001968       0x60 ./Core/Src/main.o
 .text.MX_DMA_Init
                0x00000000080019c8       0x64 ./Core/Src/main.o
 .text.MX_GPIO_Init
                0x0000000008001a2c       0x90 ./Core/Src/main.o
 .text.USER_UART_IRQHandler
                0x0000000008001abc       0x40 ./Core/Src/main.o
                0x0000000008001abc                USER_UART_IRQHandler
 .text.USER_UART_IRQHandler_1
                0x0000000008001afc       0x40 ./Core/Src/main.o
                0x0000000008001afc                USER_UART_IRQHandler_1
 .text.HAL_UART_TxCpltCallback
                0x0000000008001b3c       0x2c ./Core/Src/main.o
                0x0000000008001b3c                HAL_UART_TxCpltCallback
 .text.__io_putchar
                0x0000000008001b68       0x16 ./Core/Src/main.o
                0x0000000008001b68                __io_putchar
 *fill*         0x0000000008001b7e        0x2 
 .text.StartDefaultTask
                0x0000000008001b80      0x260 ./Core/Src/main.o
                0x0000000008001b80                StartDefaultTask
 .text.HAL_TIM_PeriodElapsedCallback
                0x0000000008001de0       0x24 ./Core/Src/main.o
                0x0000000008001de0                HAL_TIM_PeriodElapsedCallback
 .text.Error_Handler
                0x0000000008001e04        0xa ./Core/Src/main.o
                0x0000000008001e04                Error_Handler
 *fill*         0x0000000008001e0e        0x2 
 .text.HAL_MspInit
                0x0000000008001e10       0x50 ./Core/Src/stm32f7xx_hal_msp.o
                0x0000000008001e10                HAL_MspInit
 .text.HAL_TIM_Base_MspInit
                0x0000000008001e60       0xb4 ./Core/Src/stm32f7xx_hal_msp.o
                0x0000000008001e60                HAL_TIM_Base_MspInit
 .text.HAL_TIM_MspPostInit
                0x0000000008001f14      0x14c ./Core/Src/stm32f7xx_hal_msp.o
                0x0000000008001f14                HAL_TIM_MspPostInit
 .text.HAL_UART_MspInit
                0x0000000008002060      0x234 ./Core/Src/stm32f7xx_hal_msp.o
                0x0000000008002060                HAL_UART_MspInit
 .text.HAL_InitTick
                0x0000000008002294       0xb0 ./Core/Src/stm32f7xx_hal_timebase_tim.o
                0x0000000008002294                HAL_InitTick
 .text.NMI_Handler
                0x0000000008002344        0x6 ./Core/Src/stm32f7xx_it.o
                0x0000000008002344                NMI_Handler
 .text.HardFault_Handler
                0x000000000800234a        0x6 ./Core/Src/stm32f7xx_it.o
                0x000000000800234a                HardFault_Handler
 .text.MemManage_Handler
                0x0000000008002350        0x6 ./Core/Src/stm32f7xx_it.o
                0x0000000008002350                MemManage_Handler
 .text.BusFault_Handler
                0x0000000008002356        0x6 ./Core/Src/stm32f7xx_it.o
                0x0000000008002356                BusFault_Handler
 .text.UsageFault_Handler
                0x000000000800235c        0x6 ./Core/Src/stm32f7xx_it.o
                0x000000000800235c                UsageFault_Handler
 .text.DebugMon_Handler
                0x0000000008002362        0xe ./Core/Src/stm32f7xx_it.o
                0x0000000008002362                DebugMon_Handler
 .text.DMA1_Stream1_IRQHandler
                0x0000000008002370       0x14 ./Core/Src/stm32f7xx_it.o
                0x0000000008002370                DMA1_Stream1_IRQHandler
 .text.USART3_IRQHandler
                0x0000000008002384       0x18 ./Core/Src/stm32f7xx_it.o
                0x0000000008002384                USART3_IRQHandler
 .text.TIM8_UP_TIM13_IRQHandler
                0x000000000800239c       0x14 ./Core/Src/stm32f7xx_it.o
                0x000000000800239c                TIM8_UP_TIM13_IRQHandler
 .text.DMA2_Stream1_IRQHandler
                0x00000000080023b0       0x14 ./Core/Src/stm32f7xx_it.o
                0x00000000080023b0                DMA2_Stream1_IRQHandler
 .text.USART6_IRQHandler
                0x00000000080023c4       0x18 ./Core/Src/stm32f7xx_it.o
                0x00000000080023c4                USART6_IRQHandler
 .text._getpid  0x00000000080023dc       0x10 ./Core/Src/syscalls.o
                0x00000000080023dc                _getpid
 .text._kill    0x00000000080023ec       0x20 ./Core/Src/syscalls.o
                0x00000000080023ec                _kill
 .text._exit    0x000000000800240c       0x14 ./Core/Src/syscalls.o
                0x000000000800240c                _exit
 .text._read    0x0000000008002420       0x3a ./Core/Src/syscalls.o
                0x0000000008002420                _read
 .text._write   0x000000000800245a       0x38 ./Core/Src/syscalls.o
                0x000000000800245a                _write
 .text._close   0x0000000008002492       0x18 ./Core/Src/syscalls.o
                0x0000000008002492                _close
 .text._fstat   0x00000000080024aa       0x20 ./Core/Src/syscalls.o
                0x00000000080024aa                _fstat
 .text._isatty  0x00000000080024ca       0x16 ./Core/Src/syscalls.o
                0x00000000080024ca                _isatty
 .text._lseek   0x00000000080024e0       0x1a ./Core/Src/syscalls.o
                0x00000000080024e0                _lseek
 *fill*         0x00000000080024fa        0x2 
 .text._sbrk    0x00000000080024fc       0x6c ./Core/Src/sysmem.o
                0x00000000080024fc                _sbrk
 .text.SystemInit
                0x0000000008002568       0x24 ./Core/Src/system_stm32f7xx.o
                0x0000000008002568                SystemInit
 .text.Reset_Handler
                0x000000000800258c       0x50 ./Core/Startup/startup_stm32f767zitx.o
                0x000000000800258c                Reset_Handler
 .text.Default_Handler
                0x00000000080025dc        0x2 ./Core/Startup/startup_stm32f767zitx.o
                0x00000000080025dc                RTC_Alarm_IRQHandler
                0x00000000080025dc                EXTI2_IRQHandler
                0x00000000080025dc                TIM8_CC_IRQHandler
                0x00000000080025dc                UART8_IRQHandler
                0x00000000080025dc                SPI4_IRQHandler
                0x00000000080025dc                TIM1_CC_IRQHandler
                0x00000000080025dc                DMA2_Stream5_IRQHandler
                0x00000000080025dc                JPEG_IRQHandler
                0x00000000080025dc                DMA1_Stream5_IRQHandler
                0x00000000080025dc                CAN3_RX1_IRQHandler
                0x00000000080025dc                PVD_IRQHandler
                0x00000000080025dc                TAMP_STAMP_IRQHandler
                0x00000000080025dc                CAN2_RX1_IRQHandler
                0x00000000080025dc                EXTI3_IRQHandler
                0x00000000080025dc                TIM8_TRG_COM_TIM14_IRQHandler
                0x00000000080025dc                DFSDM1_FLT1_IRQHandler
                0x00000000080025dc                TIM1_UP_TIM10_IRQHandler
                0x00000000080025dc                I2C3_ER_IRQHandler
                0x00000000080025dc                DFSDM1_FLT2_IRQHandler
                0x00000000080025dc                EXTI0_IRQHandler
                0x00000000080025dc                I2C2_EV_IRQHandler
                0x00000000080025dc                DMA1_Stream2_IRQHandler
                0x00000000080025dc                CAN1_RX0_IRQHandler
                0x00000000080025dc                FPU_IRQHandler
                0x00000000080025dc                OTG_HS_WKUP_IRQHandler
                0x00000000080025dc                CAN3_SCE_IRQHandler
                0x00000000080025dc                LTDC_ER_IRQHandler
                0x00000000080025dc                CAN2_SCE_IRQHandler
                0x00000000080025dc                DMA2_Stream2_IRQHandler
                0x00000000080025dc                SPI1_IRQHandler
                0x00000000080025dc                TIM6_DAC_IRQHandler
                0x00000000080025dc                TIM1_BRK_TIM9_IRQHandler
                0x00000000080025dc                DCMI_IRQHandler
                0x00000000080025dc                CAN2_RX0_IRQHandler
                0x00000000080025dc                DMA2_Stream3_IRQHandler
                0x00000000080025dc                SAI2_IRQHandler
                0x00000000080025dc                DFSDM1_FLT3_IRQHandler
                0x00000000080025dc                CAN3_RX0_IRQHandler
                0x00000000080025dc                CAN1_RX1_IRQHandler
                0x00000000080025dc                UART5_IRQHandler
                0x00000000080025dc                DMA2_Stream0_IRQHandler
                0x00000000080025dc                TIM4_IRQHandler
                0x00000000080025dc                QUADSPI_IRQHandler
                0x00000000080025dc                I2C1_EV_IRQHandler
                0x00000000080025dc                DMA1_Stream6_IRQHandler
                0x00000000080025dc                UART4_IRQHandler
                0x00000000080025dc                TIM3_IRQHandler
                0x00000000080025dc                RCC_IRQHandler
                0x00000000080025dc                TIM8_BRK_TIM12_IRQHandler
                0x00000000080025dc                Default_Handler
                0x00000000080025dc                CEC_IRQHandler
                0x00000000080025dc                EXTI15_10_IRQHandler
                0x00000000080025dc                ADC_IRQHandler
                0x00000000080025dc                DMA1_Stream7_IRQHandler
                0x00000000080025dc                SPI5_IRQHandler
                0x00000000080025dc                TIM7_IRQHandler
                0x00000000080025dc                SDMMC1_IRQHandler
                0x00000000080025dc                CAN2_TX_IRQHandler
                0x00000000080025dc                TIM5_IRQHandler
                0x00000000080025dc                DMA2_Stream7_IRQHandler
                0x00000000080025dc                I2C3_EV_IRQHandler
                0x00000000080025dc                EXTI9_5_IRQHandler
                0x00000000080025dc                RTC_WKUP_IRQHandler
                0x00000000080025dc                LTDC_IRQHandler
                0x00000000080025dc                ETH_WKUP_IRQHandler
                0x00000000080025dc                SPDIF_RX_IRQHandler
                0x00000000080025dc                SPI2_IRQHandler
                0x00000000080025dc                OTG_HS_EP1_IN_IRQHandler
                0x00000000080025dc                DMA1_Stream0_IRQHandler
                0x00000000080025dc                CAN1_TX_IRQHandler
                0x00000000080025dc                EXTI4_IRQHandler
                0x00000000080025dc                RNG_IRQHandler
                0x00000000080025dc                ETH_IRQHandler
                0x00000000080025dc                OTG_HS_EP1_OUT_IRQHandler
                0x00000000080025dc                WWDG_IRQHandler
                0x00000000080025dc                SPI6_IRQHandler
                0x00000000080025dc                MDIOS_IRQHandler
                0x00000000080025dc                I2C4_EV_IRQHandler
                0x00000000080025dc                CAN3_TX_IRQHandler
                0x00000000080025dc                TIM2_IRQHandler
                0x00000000080025dc                OTG_FS_WKUP_IRQHandler
                0x00000000080025dc                TIM1_TRG_COM_TIM11_IRQHandler
                0x00000000080025dc                OTG_HS_IRQHandler
                0x00000000080025dc                DMA2D_IRQHandler
                0x00000000080025dc                EXTI1_IRQHandler
                0x00000000080025dc                SDMMC2_IRQHandler
                0x00000000080025dc                UART7_IRQHandler
                0x00000000080025dc                USART2_IRQHandler
                0x00000000080025dc                DFSDM1_FLT0_IRQHandler
                0x00000000080025dc                I2C2_ER_IRQHandler
                0x00000000080025dc                CAN1_SCE_IRQHandler
                0x00000000080025dc                FLASH_IRQHandler
                0x00000000080025dc                DMA2_Stream4_IRQHandler
                0x00000000080025dc                USART1_IRQHandler
                0x00000000080025dc                OTG_FS_IRQHandler
                0x00000000080025dc                SPI3_IRQHandler
                0x00000000080025dc                DMA1_Stream4_IRQHandler
                0x00000000080025dc                I2C1_ER_IRQHandler
                0x00000000080025dc                FMC_IRQHandler
                0x00000000080025dc                LPTIM1_IRQHandler
                0x00000000080025dc                I2C4_ER_IRQHandler
                0x00000000080025dc                DMA2_Stream6_IRQHandler
                0x00000000080025dc                SAI1_IRQHandler
                0x00000000080025dc                DMA1_Stream3_IRQHandler
 .text.HAL_Init
                0x00000000080025de       0x1a ./Drivers/STM32F7xx_HAL_Driver/Src/stm32f7xx_hal.o
                0x00000000080025de                HAL_Init
 .text.HAL_IncTick
                0x00000000080025f8       0x28 ./Drivers/STM32F7xx_HAL_Driver/Src/stm32f7xx_hal.o
                0x00000000080025f8                HAL_IncTick
 .text.HAL_GetTick
                0x0000000008002620       0x18 ./Drivers/STM32F7xx_HAL_Driver/Src/stm32f7xx_hal.o
                0x0000000008002620                HAL_GetTick
 .text.__NVIC_SetPriorityGrouping
                0x0000000008002638       0x48 ./Drivers/STM32F7xx_HAL_Driver/Src/stm32f7xx_hal_cortex.o
 .text.__NVIC_GetPriorityGrouping
                0x0000000008002680       0x1c ./Drivers/STM32F7xx_HAL_Driver/Src/stm32f7xx_hal_cortex.o
 .text.__NVIC_EnableIRQ
                0x000000000800269c       0x3c ./Drivers/STM32F7xx_HAL_Driver/Src/stm32f7xx_hal_cortex.o
 .text.__NVIC_SetPriority
                0x00000000080026d8       0x54 ./Drivers/STM32F7xx_HAL_Driver/Src/stm32f7xx_hal_cortex.o
 .text.NVIC_EncodePriority
                0x000000000800272c       0x66 ./Drivers/STM32F7xx_HAL_Driver/Src/stm32f7xx_hal_cortex.o
 .text.HAL_NVIC_SetPriorityGrouping
                0x0000000008002792       0x16 ./Drivers/STM32F7xx_HAL_Driver/Src/stm32f7xx_hal_cortex.o
                0x0000000008002792                HAL_NVIC_SetPriorityGrouping
 .text.HAL_NVIC_SetPriority
                0x00000000080027a8       0x38 ./Drivers/STM32F7xx_HAL_Driver/Src/stm32f7xx_hal_cortex.o
                0x00000000080027a8                HAL_NVIC_SetPriority
 .text.HAL_NVIC_EnableIRQ
                0x00000000080027e0       0x1c ./Drivers/STM32F7xx_HAL_Driver/Src/stm32f7xx_hal_cortex.o
                0x00000000080027e0                HAL_NVIC_EnableIRQ
 .text.HAL_DMA_Init
                0x00000000080027fc      0x15c ./Drivers/STM32F7xx_HAL_Driver/Src/stm32f7xx_hal_dma.o
                0x00000000080027fc                HAL_DMA_Init
 .text.HAL_DMA_Start_IT
                0x0000000008002958       0xc0 ./Drivers/STM32F7xx_HAL_Driver/Src/stm32f7xx_hal_dma.o
                0x0000000008002958                HAL_DMA_Start_IT
 .text.HAL_DMA_Abort
                0x0000000008002a18       0xe0 ./Drivers/STM32F7xx_HAL_Driver/Src/stm32f7xx_hal_dma.o
                0x0000000008002a18                HAL_DMA_Abort
 .text.HAL_DMA_Abort_IT
                0x0000000008002af8       0x44 ./Drivers/STM32F7xx_HAL_Driver/Src/stm32f7xx_hal_dma.o
                0x0000000008002af8                HAL_DMA_Abort_IT
 .text.HAL_DMA_IRQHandler
                0x0000000008002b3c      0x314 ./Drivers/STM32F7xx_HAL_Driver/Src/stm32f7xx_hal_dma.o
                0x0000000008002b3c                HAL_DMA_IRQHandler
 .text.HAL_DMA_GetError
                0x0000000008002e50       0x18 ./Drivers/STM32F7xx_HAL_Driver/Src/stm32f7xx_hal_dma.o
                0x0000000008002e50                HAL_DMA_GetError
 .text.DMA_SetConfig
                0x0000000008002e68       0x5c ./Drivers/STM32F7xx_HAL_Driver/Src/stm32f7xx_hal_dma.o
 .text.DMA_CalcBaseAndBitshift
                0x0000000008002ec4       0x6c ./Drivers/STM32F7xx_HAL_Driver/Src/stm32f7xx_hal_dma.o
 .text.DMA_CheckFifoParam
                0x0000000008002f30       0xf8 ./Drivers/STM32F7xx_HAL_Driver/Src/stm32f7xx_hal_dma.o
 .text.HAL_GPIO_Init
                0x0000000008003028      0x358 ./Drivers/STM32F7xx_HAL_Driver/Src/stm32f7xx_hal_gpio.o
                0x0000000008003028                HAL_GPIO_Init
 .text.HAL_PWREx_EnableOverDrive
                0x0000000008003380       0xa0 ./Drivers/STM32F7xx_HAL_Driver/Src/stm32f7xx_hal_pwr_ex.o
                0x0000000008003380                HAL_PWREx_EnableOverDrive
 .text.HAL_RCC_OscConfig
                0x0000000008003420      0x55c ./Drivers/STM32F7xx_HAL_Driver/Src/stm32f7xx_hal_rcc.o
                0x0000000008003420                HAL_RCC_OscConfig
 .text.HAL_RCC_ClockConfig
                0x000000000800397c      0x1d8 ./Drivers/STM32F7xx_HAL_Driver/Src/stm32f7xx_hal_rcc.o
                0x000000000800397c                HAL_RCC_ClockConfig
 .text.HAL_RCC_GetSysClockFreq
                0x0000000008003b54      0x1c4 ./Drivers/STM32F7xx_HAL_Driver/Src/stm32f7xx_hal_rcc.o
                0x0000000008003b54                HAL_RCC_GetSysClockFreq
 .text.HAL_RCC_GetHCLKFreq
                0x0000000008003d18       0x18 ./Drivers/STM32F7xx_HAL_Driver/Src/stm32f7xx_hal_rcc.o
                0x0000000008003d18                HAL_RCC_GetHCLKFreq
 .text.HAL_RCC_GetPCLK1Freq
                0x0000000008003d30       0x28 ./Drivers/STM32F7xx_HAL_Driver/Src/stm32f7xx_hal_rcc.o
                0x0000000008003d30                HAL_RCC_GetPCLK1Freq
 .text.HAL_RCC_GetPCLK2Freq
                0x0000000008003d58       0x28 ./Drivers/STM32F7xx_HAL_Driver/Src/stm32f7xx_hal_rcc.o
                0x0000000008003d58                HAL_RCC_GetPCLK2Freq
 .text.HAL_RCC_GetClockConfig
                0x0000000008003d80       0x64 ./Drivers/STM32F7xx_HAL_Driver/Src/stm32f7xx_hal_rcc.o
                0x0000000008003d80                HAL_RCC_GetClockConfig
 .text.HAL_RCCEx_PeriphCLKConfig
                0x0000000008003de4      0x850 ./Drivers/STM32F7xx_HAL_Driver/Src/stm32f7xx_hal_rcc_ex.o
                0x0000000008003de4                HAL_RCCEx_PeriphCLKConfig
 .text.HAL_TIM_Base_Init
                0x0000000008004634       0xae ./Drivers/STM32F7xx_HAL_Driver/Src/stm32f7xx_hal_tim.o
                0x0000000008004634                HAL_TIM_Base_Init
 *fill*         0x00000000080046e2        0x2 
 .text.HAL_TIM_Base_Start_IT
                0x00000000080046e4       0xf0 ./Drivers/STM32F7xx_HAL_Driver/Src/stm32f7xx_hal_tim.o
                0x00000000080046e4                HAL_TIM_Base_Start_IT
 .text.HAL_TIM_PWM_Init
                0x00000000080047d4       0xae ./Drivers/STM32F7xx_HAL_Driver/Src/stm32f7xx_hal_tim.o
                0x00000000080047d4                HAL_TIM_PWM_Init
 .text.HAL_TIM_PWM_MspInit
                0x0000000008004882       0x14 ./Drivers/STM32F7xx_HAL_Driver/Src/stm32f7xx_hal_tim.o
                0x0000000008004882                HAL_TIM_PWM_MspInit
 *fill*         0x0000000008004896        0x2 
 .text.HAL_TIM_PWM_Start
                0x0000000008004898      0x1f4 ./Drivers/STM32F7xx_HAL_Driver/Src/stm32f7xx_hal_tim.o
                0x0000000008004898                HAL_TIM_PWM_Start
 .text.HAL_TIM_IRQHandler
                0x0000000008004a8c      0x23e ./Drivers/STM32F7xx_HAL_Driver/Src/stm32f7xx_hal_tim.o
                0x0000000008004a8c                HAL_TIM_IRQHandler
 *fill*         0x0000000008004cca        0x2 
 .text.HAL_TIM_PWM_ConfigChannel
                0x0000000008004ccc      0x228 ./Drivers/STM32F7xx_HAL_Driver/Src/stm32f7xx_hal_tim.o
                0x0000000008004ccc                HAL_TIM_PWM_ConfigChannel
 .text.HAL_TIM_ConfigClockSource
                0x0000000008004ef4      0x194 ./Drivers/STM32F7xx_HAL_Driver/Src/stm32f7xx_hal_tim.o
                0x0000000008004ef4                HAL_TIM_ConfigClockSource
 .text.HAL_TIM_OC_DelayElapsedCallback
                0x0000000008005088       0x14 ./Drivers/STM32F7xx_HAL_Driver/Src/stm32f7xx_hal_tim.o
                0x0000000008005088                HAL_TIM_OC_DelayElapsedCallback
 .text.HAL_TIM_IC_CaptureCallback
                0x000000000800509c       0x14 ./Drivers/STM32F7xx_HAL_Driver/Src/stm32f7xx_hal_tim.o
                0x000000000800509c                HAL_TIM_IC_CaptureCallback
 .text.HAL_TIM_PWM_PulseFinishedCallback
                0x00000000080050b0       0x14 ./Drivers/STM32F7xx_HAL_Driver/Src/stm32f7xx_hal_tim.o
                0x00000000080050b0                HAL_TIM_PWM_PulseFinishedCallback
 .text.HAL_TIM_TriggerCallback
                0x00000000080050c4       0x14 ./Drivers/STM32F7xx_HAL_Driver/Src/stm32f7xx_hal_tim.o
                0x00000000080050c4                HAL_TIM_TriggerCallback
 .text.TIM_Base_SetConfig
                0x00000000080050d8      0x140 ./Drivers/STM32F7xx_HAL_Driver/Src/stm32f7xx_hal_tim.o
                0x00000000080050d8                TIM_Base_SetConfig
 .text.TIM_OC1_SetConfig
                0x0000000008005218       0xe4 ./Drivers/STM32F7xx_HAL_Driver/Src/stm32f7xx_hal_tim.o
 .text.TIM_OC2_SetConfig
                0x00000000080052fc       0xf0 ./Drivers/STM32F7xx_HAL_Driver/Src/stm32f7xx_hal_tim.o
                0x00000000080052fc                TIM_OC2_SetConfig
 .text.TIM_OC3_SetConfig
                0x00000000080053ec       0xec ./Drivers/STM32F7xx_HAL_Driver/Src/stm32f7xx_hal_tim.o
 .text.TIM_OC4_SetConfig
                0x00000000080054d8       0xb0 ./Drivers/STM32F7xx_HAL_Driver/Src/stm32f7xx_hal_tim.o
 .text.TIM_OC5_SetConfig
                0x0000000008005588       0xa4 ./Drivers/STM32F7xx_HAL_Driver/Src/stm32f7xx_hal_tim.o
 .text.TIM_OC6_SetConfig
                0x000000000800562c       0xa8 ./Drivers/STM32F7xx_HAL_Driver/Src/stm32f7xx_hal_tim.o
 .text.TIM_TI1_ConfigInputStage
                0x00000000080056d4       0x5e ./Drivers/STM32F7xx_HAL_Driver/Src/stm32f7xx_hal_tim.o
 .text.TIM_TI2_ConfigInputStage
                0x0000000008005732       0x60 ./Drivers/STM32F7xx_HAL_Driver/Src/stm32f7xx_hal_tim.o
 .text.TIM_ITRx_SetConfig
                0x0000000008005792       0x36 ./Drivers/STM32F7xx_HAL_Driver/Src/stm32f7xx_hal_tim.o
 .text.TIM_ETR_SetConfig
                0x00000000080057c8       0x40 ./Drivers/STM32F7xx_HAL_Driver/Src/stm32f7xx_hal_tim.o
                0x00000000080057c8                TIM_ETR_SetConfig
 .text.TIM_CCxChannelCmd
                0x0000000008005808       0x4a ./Drivers/STM32F7xx_HAL_Driver/Src/stm32f7xx_hal_tim.o
                0x0000000008005808                TIM_CCxChannelCmd
 *fill*         0x0000000008005852        0x2 
 .text.HAL_TIMEx_MasterConfigSynchronization
                0x0000000008005854      0x11c ./Drivers/STM32F7xx_HAL_Driver/Src/stm32f7xx_hal_tim_ex.o
                0x0000000008005854                HAL_TIMEx_MasterConfigSynchronization
 .text.HAL_TIMEx_ConfigBreakDeadTime
                0x0000000008005970       0xfc ./Drivers/STM32F7xx_HAL_Driver/Src/stm32f7xx_hal_tim_ex.o
                0x0000000008005970                HAL_TIMEx_ConfigBreakDeadTime
 .text.HAL_TIMEx_CommutCallback
                0x0000000008005a6c       0x14 ./Drivers/STM32F7xx_HAL_Driver/Src/stm32f7xx_hal_tim_ex.o
                0x0000000008005a6c                HAL_TIMEx_CommutCallback
 .text.HAL_TIMEx_BreakCallback
                0x0000000008005a80       0x14 ./Drivers/STM32F7xx_HAL_Driver/Src/stm32f7xx_hal_tim_ex.o
                0x0000000008005a80                HAL_TIMEx_BreakCallback
 .text.HAL_TIMEx_Break2Callback
                0x0000000008005a94       0x14 ./Drivers/STM32F7xx_HAL_Driver/Src/stm32f7xx_hal_tim_ex.o
                0x0000000008005a94                HAL_TIMEx_Break2Callback
 .text.HAL_UART_Init
                0x0000000008005aa8       0x9c ./Drivers/STM32F7xx_HAL_Driver/Src/stm32f7xx_hal_uart.o
                0x0000000008005aa8                HAL_UART_Init
 .text.HAL_UART_Transmit_IT
                0x0000000008005b44       0xdc ./Drivers/STM32F7xx_HAL_Driver/Src/stm32f7xx_hal_uart.o
                0x0000000008005b44                HAL_UART_Transmit_IT
 .text.HAL_UART_Receive_DMA
                0x0000000008005c20       0x9c ./Drivers/STM32F7xx_HAL_Driver/Src/stm32f7xx_hal_uart.o
                0x0000000008005c20                HAL_UART_Receive_DMA
 .text.HAL_UART_DMAStop
                0x0000000008005cbc      0x122 ./Drivers/STM32F7xx_HAL_Driver/Src/stm32f7xx_hal_uart.o
                0x0000000008005cbc                HAL_UART_DMAStop
 *fill*         0x0000000008005dde        0x2 
 .text.HAL_UART_IRQHandler
                0x0000000008005de0      0x5c0 ./Drivers/STM32F7xx_HAL_Driver/Src/stm32f7xx_hal_uart.o
                0x0000000008005de0                HAL_UART_IRQHandler
 .text.HAL_UART_RxCpltCallback
                0x00000000080063a0       0x14 ./Drivers/STM32F7xx_HAL_Driver/Src/stm32f7xx_hal_uart.o
                0x00000000080063a0                HAL_UART_RxCpltCallback
 .text.HAL_UART_RxHalfCpltCallback
                0x00000000080063b4       0x14 ./Drivers/STM32F7xx_HAL_Driver/Src/stm32f7xx_hal_uart.o
                0x00000000080063b4                HAL_UART_RxHalfCpltCallback
 .text.HAL_UART_ErrorCallback
                0x00000000080063c8       0x14 ./Drivers/STM32F7xx_HAL_Driver/Src/stm32f7xx_hal_uart.o
                0x00000000080063c8                HAL_UART_ErrorCallback
 .text.HAL_UARTEx_RxEventCallback
                0x00000000080063dc       0x18 ./Drivers/STM32F7xx_HAL_Driver/Src/stm32f7xx_hal_uart.o
                0x00000000080063dc                HAL_UARTEx_RxEventCallback
 .text.HAL_UARTEx_WakeupCallback
                0x00000000080063f4       0x14 ./Drivers/STM32F7xx_HAL_Driver/Src/stm32f7xx_hal_uart.o
                0x00000000080063f4                HAL_UARTEx_WakeupCallback
 .text.UART_SetConfig
                0x0000000008006408      0x4c4 ./Drivers/STM32F7xx_HAL_Driver/Src/stm32f7xx_hal_uart.o
                0x0000000008006408                UART_SetConfig
 .text.UART_AdvFeatureConfig
                0x00000000080068cc      0x144 ./Drivers/STM32F7xx_HAL_Driver/Src/stm32f7xx_hal_uart.o
                0x00000000080068cc                UART_AdvFeatureConfig
 .text.UART_CheckIdleState
                0x0000000008006a10       0x92 ./Drivers/STM32F7xx_HAL_Driver/Src/stm32f7xx_hal_uart.o
                0x0000000008006a10                UART_CheckIdleState
 .text.UART_WaitOnFlagUntilTimeout
                0x0000000008006aa2      0x188 ./Drivers/STM32F7xx_HAL_Driver/Src/stm32f7xx_hal_uart.o
                0x0000000008006aa2                UART_WaitOnFlagUntilTimeout
 *fill*         0x0000000008006c2a        0x2 
 .text.UART_Start_Receive_DMA
                0x0000000008006c2c      0x14c ./Drivers/STM32F7xx_HAL_Driver/Src/stm32f7xx_hal_uart.o
                0x0000000008006c2c                UART_Start_Receive_DMA
 .text.UART_EndTxTransfer
                0x0000000008006d78       0x4c ./Drivers/STM32F7xx_HAL_Driver/Src/stm32f7xx_hal_uart.o
 .text.UART_EndRxTransfer
                0x0000000008006dc4       0xc6 ./Drivers/STM32F7xx_HAL_Driver/Src/stm32f7xx_hal_uart.o
 .text.UART_DMAReceiveCplt
                0x0000000008006e8a      0x120 ./Drivers/STM32F7xx_HAL_Driver/Src/stm32f7xx_hal_uart.o
 .text.UART_DMARxHalfCplt
                0x0000000008006faa       0x38 ./Drivers/STM32F7xx_HAL_Driver/Src/stm32f7xx_hal_uart.o
 .text.UART_DMAError
                0x0000000008006fe2       0x7c ./Drivers/STM32F7xx_HAL_Driver/Src/stm32f7xx_hal_uart.o
 .text.UART_DMAAbortOnError
                0x000000000800705e       0x2c ./Drivers/STM32F7xx_HAL_Driver/Src/stm32f7xx_hal_uart.o
 .text.UART_TxISR_8BIT
                0x000000000800708a       0xb6 ./Drivers/STM32F7xx_HAL_Driver/Src/stm32f7xx_hal_uart.o
 .text.UART_TxISR_16BIT
                0x0000000008007140       0xc0 ./Drivers/STM32F7xx_HAL_Driver/Src/stm32f7xx_hal_uart.o
 .text.UART_EndTransmit_IT
                0x0000000008007200       0x54 ./Drivers/STM32F7xx_HAL_Driver/Src/stm32f7xx_hal_uart.o
 .text.SVC_Setup
                0x0000000008007254        0xe ./Middlewares/Third_Party/FreeRTOS/Source/CMSIS_RTOS_V2/cmsis_os2.o
 *fill*         0x0000000008007262        0x2 
 .text.osKernelInitialize
                0x0000000008007264       0x68 ./Middlewares/Third_Party/FreeRTOS/Source/CMSIS_RTOS_V2/cmsis_os2.o
                0x0000000008007264                osKernelInitialize
 .text.osKernelStart
                0x00000000080072cc       0x6c ./Middlewares/Third_Party/FreeRTOS/Source/CMSIS_RTOS_V2/cmsis_os2.o
                0x00000000080072cc                osKernelStart
 .text.osThreadNew
                0x0000000008007338      0x14c ./Middlewares/Third_Party/FreeRTOS/Source/CMSIS_RTOS_V2/cmsis_os2.o
                0x0000000008007338                osThreadNew
 .text.osMutexNew
                0x0000000008007484      0x134 ./Middlewares/Third_Party/FreeRTOS/Source/CMSIS_RTOS_V2/cmsis_os2.o
                0x0000000008007484                osMutexNew
 .text.osMutexAcquire
                0x00000000080075b8       0xbc ./Middlewares/Third_Party/FreeRTOS/Source/CMSIS_RTOS_V2/cmsis_os2.o
                0x00000000080075b8                osMutexAcquire
 .text.osMutexRelease
                0x0000000008007674       0xa0 ./Middlewares/Third_Party/FreeRTOS/Source/CMSIS_RTOS_V2/cmsis_os2.o
                0x0000000008007674                osMutexRelease
 .text.osSemaphoreNew
                0x0000000008007714      0x138 ./Middlewares/Third_Party/FreeRTOS/Source/CMSIS_RTOS_V2/cmsis_os2.o
                0x0000000008007714                osSemaphoreNew
 .text.osSemaphoreAcquire
                0x000000000800784c       0xcc ./Middlewares/Third_Party/FreeRTOS/Source/CMSIS_RTOS_V2/cmsis_os2.o
                0x000000000800784c                osSemaphoreAcquire
 .text.osSemaphoreRelease
                0x0000000008007918       0xb0 ./Middlewares/Third_Party/FreeRTOS/Source/CMSIS_RTOS_V2/cmsis_os2.o
                0x0000000008007918                osSemaphoreRelease
 .text.vApplicationGetIdleTaskMemory
                0x00000000080079c8       0x34 ./Middlewares/Third_Party/FreeRTOS/Source/CMSIS_RTOS_V2/cmsis_os2.o
                0x00000000080079c8                vApplicationGetIdleTaskMemory
 .text.vApplicationGetTimerTaskMemory
                0x00000000080079fc       0x34 ./Middlewares/Third_Party/FreeRTOS/Source/CMSIS_RTOS_V2/cmsis_os2.o
                0x00000000080079fc                vApplicationGetTimerTaskMemory
 .text.vListInitialise
                0x0000000008007a30       0x40 ./Middlewares/Third_Party/FreeRTOS/Source/list.o
                0x0000000008007a30                vListInitialise
 .text.vListInitialiseItem
                0x0000000008007a70       0x1a ./Middlewares/Third_Party/FreeRTOS/Source/list.o
                0x0000000008007a70                vListInitialiseItem
 .text.vListInsertEnd
                0x0000000008007a8a       0x48 ./Middlewares/Third_Party/FreeRTOS/Source/list.o
                0x0000000008007a8a                vListInsertEnd
 .text.vListInsert
                0x0000000008007ad2       0x72 ./Middlewares/Third_Party/FreeRTOS/Source/list.o
                0x0000000008007ad2                vListInsert
 .text.uxListRemove
                0x0000000008007b44       0x54 ./Middlewares/Third_Party/FreeRTOS/Source/list.o
                0x0000000008007b44                uxListRemove
 .text.xQueueGenericReset
                0x0000000008007b98       0xd4 ./Middlewares/Third_Party/FreeRTOS/Source/queue.o
                0x0000000008007b98                xQueueGenericReset
 .text.xQueueGenericCreateStatic
                0x0000000008007c6c      0x104 ./Middlewares/Third_Party/FreeRTOS/Source/queue.o
                0x0000000008007c6c                xQueueGenericCreateStatic
 .text.xQueueGenericCreate
                0x0000000008007d70       0x84 ./Middlewares/Third_Party/FreeRTOS/Source/queue.o
                0x0000000008007d70                xQueueGenericCreate
 .text.prvInitialiseNewQueue
                0x0000000008007df4       0x46 ./Middlewares/Third_Party/FreeRTOS/Source/queue.o
 .text.prvInitialiseMutex
                0x0000000008007e3a       0x34 ./Middlewares/Third_Party/FreeRTOS/Source/queue.o
 .text.xQueueCreateMutex
                0x0000000008007e6e       0x30 ./Middlewares/Third_Party/FreeRTOS/Source/queue.o
                0x0000000008007e6e                xQueueCreateMutex
 .text.xQueueCreateMutexStatic
                0x0000000008007e9e       0x36 ./Middlewares/Third_Party/FreeRTOS/Source/queue.o
                0x0000000008007e9e                xQueueCreateMutexStatic
 .text.xQueueGiveMutexRecursive
                0x0000000008007ed4       0x6c ./Middlewares/Third_Party/FreeRTOS/Source/queue.o
                0x0000000008007ed4                xQueueGiveMutexRecursive
 .text.xQueueTakeMutexRecursive
                0x0000000008007f40       0x70 ./Middlewares/Third_Party/FreeRTOS/Source/queue.o
                0x0000000008007f40                xQueueTakeMutexRecursive
 .text.xQueueCreateCountingSemaphoreStatic
                0x0000000008007fb0       0x76 ./Middlewares/Third_Party/FreeRTOS/Source/queue.o
                0x0000000008007fb0                xQueueCreateCountingSemaphoreStatic
 .text.xQueueCreateCountingSemaphore
                0x0000000008008026       0x6e ./Middlewares/Third_Party/FreeRTOS/Source/queue.o
                0x0000000008008026                xQueueCreateCountingSemaphore
 .text.xQueueGenericSend
                0x0000000008008094      0x20c ./Middlewares/Third_Party/FreeRTOS/Source/queue.o
                0x0000000008008094                xQueueGenericSend
 .text.xQueueGenericSendFromISR
                0x00000000080082a0      0x140 ./Middlewares/Third_Party/FreeRTOS/Source/queue.o
                0x00000000080082a0                xQueueGenericSendFromISR
 .text.xQueueGiveFromISR
                0x00000000080083e0      0x12a ./Middlewares/Third_Party/FreeRTOS/Source/queue.o
                0x00000000080083e0                xQueueGiveFromISR
 *fill*         0x000000000800850a        0x2 
 .text.xQueueReceive
                0x000000000800850c      0x1cc ./Middlewares/Third_Party/FreeRTOS/Source/queue.o
                0x000000000800850c                xQueueReceive
 .text.xQueueSemaphoreTake
                0x00000000080086d8      0x228 ./Middlewares/Third_Party/FreeRTOS/Source/queue.o
                0x00000000080086d8                xQueueSemaphoreTake
 .text.xQueueReceiveFromISR
                0x0000000008008900      0x10c ./Middlewares/Third_Party/FreeRTOS/Source/queue.o
                0x0000000008008900                xQueueReceiveFromISR
 .text.vQueueDelete
                0x0000000008008a0c       0x4a ./Middlewares/Third_Party/FreeRTOS/Source/queue.o
                0x0000000008008a0c                vQueueDelete
 .text.prvGetDisinheritPriorityAfterTimeout
                0x0000000008008a56       0x30 ./Middlewares/Third_Party/FreeRTOS/Source/queue.o
 .text.prvCopyDataToQueue
                0x0000000008008a86       0xd4 ./Middlewares/Third_Party/FreeRTOS/Source/queue.o
 .text.prvCopyDataFromQueue
                0x0000000008008b5a       0x4c ./Middlewares/Third_Party/FreeRTOS/Source/queue.o
 .text.prvUnlockQueue
                0x0000000008008ba6       0xa4 ./Middlewares/Third_Party/FreeRTOS/Source/queue.o
 .text.prvIsQueueEmpty
                0x0000000008008c4a       0x2c ./Middlewares/Third_Party/FreeRTOS/Source/queue.o
 .text.prvIsQueueFull
                0x0000000008008c76       0x30 ./Middlewares/Third_Party/FreeRTOS/Source/queue.o
 *fill*         0x0000000008008ca6        0x2 
 .text.vQueueAddToRegistry
                0x0000000008008ca8       0x54 ./Middlewares/Third_Party/FreeRTOS/Source/queue.o
                0x0000000008008ca8                vQueueAddToRegistry
 .text.vQueueUnregisterQueue
                0x0000000008008cfc       0x54 ./Middlewares/Third_Party/FreeRTOS/Source/queue.o
                0x0000000008008cfc                vQueueUnregisterQueue
 .text.vQueueWaitForMessageRestricted
                0x0000000008008d50       0x68 ./Middlewares/Third_Party/FreeRTOS/Source/queue.o
                0x0000000008008d50                vQueueWaitForMessageRestricted
 .text.xTaskCreateStatic
                0x0000000008008db8       0xc6 ./Middlewares/Third_Party/FreeRTOS/Source/tasks.o
                0x0000000008008db8                xTaskCreateStatic
 .text.xTaskCreate
                0x0000000008008e7e       0x8a ./Middlewares/Third_Party/FreeRTOS/Source/tasks.o
                0x0000000008008e7e                xTaskCreate
 .text.prvInitialiseNewTask
                0x0000000008008f08      0x150 ./Middlewares/Third_Party/FreeRTOS/Source/tasks.o
 .text.prvAddNewTaskToReadyList
                0x0000000008009058       0xe0 ./Middlewares/Third_Party/FreeRTOS/Source/tasks.o
 .text.vTaskStartScheduler
                0x0000000008009138       0xe8 ./Middlewares/Third_Party/FreeRTOS/Source/tasks.o
                0x0000000008009138                vTaskStartScheduler
 .text.vTaskSuspendAll
                0x0000000008009220       0x1c ./Middlewares/Third_Party/FreeRTOS/Source/tasks.o
                0x0000000008009220                vTaskSuspendAll
 .text.xTaskResumeAll
                0x000000000800923c      0x140 ./Middlewares/Third_Party/FreeRTOS/Source/tasks.o
                0x000000000800923c                xTaskResumeAll
 .text.xTaskGetTickCount
                0x000000000800937c       0x20 ./Middlewares/Third_Party/FreeRTOS/Source/tasks.o
                0x000000000800937c                xTaskGetTickCount
 .text.xTaskIncrementTick
                0x000000000800939c      0x178 ./Middlewares/Third_Party/FreeRTOS/Source/tasks.o
                0x000000000800939c                xTaskIncrementTick
 .text.vTaskSwitchContext
                0x0000000008009514       0xcc ./Middlewares/Third_Party/FreeRTOS/Source/tasks.o
                0x0000000008009514                vTaskSwitchContext
 .text.vTaskPlaceOnEventList
                0x00000000080095e0       0x4c ./Middlewares/Third_Party/FreeRTOS/Source/tasks.o
                0x00000000080095e0                vTaskPlaceOnEventList
 .text.vTaskPlaceOnEventListRestricted
                0x000000000800962c       0x5c ./Middlewares/Third_Party/FreeRTOS/Source/tasks.o
                0x000000000800962c                vTaskPlaceOnEventListRestricted
 .text.xTaskRemoveFromEventList
                0x0000000008009688       0xcc ./Middlewares/Third_Party/FreeRTOS/Source/tasks.o
                0x0000000008009688                xTaskRemoveFromEventList
 .text.vTaskInternalSetTimeOutState
                0x0000000008009754       0x2c ./Middlewares/Third_Party/FreeRTOS/Source/tasks.o
                0x0000000008009754                vTaskInternalSetTimeOutState
 .text.xTaskCheckForTimeOut
                0x0000000008009780       0xcc ./Middlewares/Third_Party/FreeRTOS/Source/tasks.o
                0x0000000008009780                xTaskCheckForTimeOut
 .text.vTaskMissedYield
                0x000000000800984c       0x18 ./Middlewares/Third_Party/FreeRTOS/Source/tasks.o
                0x000000000800984c                vTaskMissedYield
 .text.prvIdleTask
                0x0000000008009864       0x30 ./Middlewares/Third_Party/FreeRTOS/Source/tasks.o
 .text.prvInitialiseTaskLists
                0x0000000008009894       0x80 ./Middlewares/Third_Party/FreeRTOS/Source/tasks.o
 .text.prvCheckTasksWaitingTermination
                0x0000000008009914       0x5c ./Middlewares/Third_Party/FreeRTOS/Source/tasks.o
 .text.prvDeleteTCB
                0x0000000008009970       0x6c ./Middlewares/Third_Party/FreeRTOS/Source/tasks.o
 .text.prvResetNextTaskUnblockTime
                0x00000000080099dc       0x40 ./Middlewares/Third_Party/FreeRTOS/Source/tasks.o
 .text.xTaskGetCurrentTaskHandle
                0x0000000008009a1c       0x20 ./Middlewares/Third_Party/FreeRTOS/Source/tasks.o
                0x0000000008009a1c                xTaskGetCurrentTaskHandle
 .text.xTaskGetSchedulerState
                0x0000000008009a3c       0x3c ./Middlewares/Third_Party/FreeRTOS/Source/tasks.o
                0x0000000008009a3c                xTaskGetSchedulerState
 .text.xTaskPriorityInherit
                0x0000000008009a78       0xd0 ./Middlewares/Third_Party/FreeRTOS/Source/tasks.o
                0x0000000008009a78                xTaskPriorityInherit
 .text.xTaskPriorityDisinherit
                0x0000000008009b48       0xe4 ./Middlewares/Third_Party/FreeRTOS/Source/tasks.o
                0x0000000008009b48                xTaskPriorityDisinherit
 .text.vTaskPriorityDisinheritAfterTimeout
                0x0000000008009c2c      0x10c ./Middlewares/Third_Party/FreeRTOS/Source/tasks.o
                0x0000000008009c2c                vTaskPriorityDisinheritAfterTimeout
 .text.pvTaskIncrementMutexHeldCount
                0x0000000008009d38       0x28 ./Middlewares/Third_Party/FreeRTOS/Source/tasks.o
                0x0000000008009d38                pvTaskIncrementMutexHeldCount
 .text.prvAddCurrentTaskToDelayedList
                0x0000000008009d60       0xa8 ./Middlewares/Third_Party/FreeRTOS/Source/tasks.o
 .text.xTimerCreateTimerTask
                0x0000000008009e08       0x94 ./Middlewares/Third_Party/FreeRTOS/Source/timers.o
                0x0000000008009e08                xTimerCreateTimerTask
 .text.xTimerGenericCommand
                0x0000000008009e9c       0xa0 ./Middlewares/Third_Party/FreeRTOS/Source/timers.o
                0x0000000008009e9c                xTimerGenericCommand
 .text.prvProcessExpiredTimer
                0x0000000008009f3c       0x9c ./Middlewares/Third_Party/FreeRTOS/Source/timers.o
 .text.prvTimerTask
                0x0000000008009fd8       0x24 ./Middlewares/Third_Party/FreeRTOS/Source/timers.o
 .text.prvProcessTimerOrBlockTask
                0x0000000008009ffc       0x9c ./Middlewares/Third_Party/FreeRTOS/Source/timers.o
 .text.prvGetNextExpireTime
                0x000000000800a098       0x48 ./Middlewares/Third_Party/FreeRTOS/Source/timers.o
 .text.prvSampleTimeNow
                0x000000000800a0e0       0x40 ./Middlewares/Third_Party/FreeRTOS/Source/timers.o
 .text.prvInsertTimerInActiveList
                0x000000000800a120       0x84 ./Middlewares/Third_Party/FreeRTOS/Source/timers.o
 .text.prvProcessReceivedCommands
                0x000000000800a1a4      0x1d0 ./Middlewares/Third_Party/FreeRTOS/Source/timers.o
 .text.prvSwitchTimerLists
                0x000000000800a374       0xcc ./Middlewares/Third_Party/FreeRTOS/Source/timers.o
 .text.prvCheckForValidListAndQueue
                0x000000000800a440       0x80 ./Middlewares/Third_Party/FreeRTOS/Source/timers.o
 .text.pxPortInitialiseStack
                0x000000000800a4c0       0x68 ./Middlewares/Third_Party/FreeRTOS/Source/portable/GCC/ARM_CM7/r0p1/port.o
                0x000000000800a4c0                pxPortInitialiseStack
 .text.prvTaskExitError
                0x000000000800a528       0x60 ./Middlewares/Third_Party/FreeRTOS/Source/portable/GCC/ARM_CM7/r0p1/port.o
 *fill*         0x000000000800a588        0x8 
 .text.SVC_Handler
                0x000000000800a590       0x28 ./Middlewares/Third_Party/FreeRTOS/Source/portable/GCC/ARM_CM7/r0p1/port.o
                0x000000000800a590                SVC_Handler
 .text.prvPortStartFirstTask
                0x000000000800a5b8       0x28 ./Middlewares/Third_Party/FreeRTOS/Source/portable/GCC/ARM_CM7/r0p1/port.o
 .text.xPortStartScheduler
                0x000000000800a5e0       0xfc ./Middlewares/Third_Party/FreeRTOS/Source/portable/GCC/ARM_CM7/r0p1/port.o
                0x000000000800a5e0                xPortStartScheduler
 .text.vPortEnterCritical
                0x000000000800a6dc       0x68 ./Middlewares/Third_Party/FreeRTOS/Source/portable/GCC/ARM_CM7/r0p1/port.o
                0x000000000800a6dc                vPortEnterCritical
 .text.vPortExitCritical
                0x000000000800a744       0x58 ./Middlewares/Third_Party/FreeRTOS/Source/portable/GCC/ARM_CM7/r0p1/port.o
                0x000000000800a744                vPortExitCritical
 *fill*         0x000000000800a79c        0x4 
 .text.PendSV_Handler
                0x000000000800a7a0       0x68 ./Middlewares/Third_Party/FreeRTOS/Source/portable/GCC/ARM_CM7/r0p1/port.o
                0x000000000800a7a0                PendSV_Handler
 .text.SysTick_Handler
                0x000000000800a808       0x48 ./Middlewares/Third_Party/FreeRTOS/Source/portable/GCC/ARM_CM7/r0p1/port.o
                0x000000000800a808                SysTick_Handler
 .text.vPortSetupTimerInterrupt
                0x000000000800a850       0x48 ./Middlewares/Third_Party/FreeRTOS/Source/portable/GCC/ARM_CM7/r0p1/port.o
                0x000000000800a850                vPortSetupTimerInterrupt
 .text.vPortEnableVFP
                0x000000000800a898       0x14 ./Middlewares/Third_Party/FreeRTOS/Source/portable/GCC/ARM_CM7/r0p1/port.o
 .text.vPortValidateInterruptPriority
                0x000000000800a8ac       0x88 ./Middlewares/Third_Party/FreeRTOS/Source/portable/GCC/ARM_CM7/r0p1/port.o
                0x000000000800a8ac                vPortValidateInterruptPriority
 .text.pvPortMalloc
                0x000000000800a934      0x194 ./Middlewares/Third_Party/FreeRTOS/Source/portable/MemMang/heap_4.o
                0x000000000800a934                pvPortMalloc
 .text.vPortFree
                0x000000000800aac8       0xbc ./Middlewares/Third_Party/FreeRTOS/Source/portable/MemMang/heap_4.o
                0x000000000800aac8                vPortFree
 .text.prvHeapInit
                0x000000000800ab84       0xc4 ./Middlewares/Third_Party/FreeRTOS/Source/portable/MemMang/heap_4.o
 .text.prvInsertBlockIntoFreeList
                0x000000000800ac48       0xb4 ./Middlewares/Third_Party/FreeRTOS/Source/portable/MemMang/heap_4.o
 .text.__errno  0x000000000800acfc        0xc c:/st/stm32cubeide_1.8.0/stm32cubeide/plugins/com.st.stm32cube.ide.mcu.externaltools.gnu-tools-for-stm32.9-2020-q2-update.win32_2.0.0.202105311346/tools/bin/../lib/gcc/arm-none-eabi/9.3.1/../../../../arm-none-eabi/lib/thumb/v7e-m+dp/hard\libc_nano.a(lib_a-errno.o)
                0x000000000800acfc                __errno
 .text.std      0x000000000800ad08       0x48 c:/st/stm32cubeide_1.8.0/stm32cubeide/plugins/com.st.stm32cube.ide.mcu.externaltools.gnu-tools-for-stm32.9-2020-q2-update.win32_2.0.0.202105311346/tools/bin/../lib/gcc/arm-none-eabi/9.3.1/../../../../arm-none-eabi/lib/thumb/v7e-m+dp/hard\libc_nano.a(lib_a-findfp.o)
 .text._cleanup_r
                0x000000000800ad50        0xc c:/st/stm32cubeide_1.8.0/stm32cubeide/plugins/com.st.stm32cube.ide.mcu.externaltools.gnu-tools-for-stm32.9-2020-q2-update.win32_2.0.0.202105311346/tools/bin/../lib/gcc/arm-none-eabi/9.3.1/../../../../arm-none-eabi/lib/thumb/v7e-m+dp/hard\libc_nano.a(lib_a-findfp.o)
                0x000000000800ad50                _cleanup_r
 .text.__sfmoreglue
                0x000000000800ad5c       0x2c c:/st/stm32cubeide_1.8.0/stm32cubeide/plugins/com.st.stm32cube.ide.mcu.externaltools.gnu-tools-for-stm32.9-2020-q2-update.win32_2.0.0.202105311346/tools/bin/../lib/gcc/arm-none-eabi/9.3.1/../../../../arm-none-eabi/lib/thumb/v7e-m+dp/hard\libc_nano.a(lib_a-findfp.o)
                0x000000000800ad5c                __sfmoreglue
 .text.__sfp_lock_acquire
                0x000000000800ad88        0xc c:/st/stm32cubeide_1.8.0/stm32cubeide/plugins/com.st.stm32cube.ide.mcu.externaltools.gnu-tools-for-stm32.9-2020-q2-update.win32_2.0.0.202105311346/tools/bin/../lib/gcc/arm-none-eabi/9.3.1/../../../../arm-none-eabi/lib/thumb/v7e-m+dp/hard\libc_nano.a(lib_a-findfp.o)
                0x000000000800ad88                __sfp_lock_acquire
 .text.__sfp_lock_release
                0x000000000800ad94        0xc c:/st/stm32cubeide_1.8.0/stm32cubeide/plugins/com.st.stm32cube.ide.mcu.externaltools.gnu-tools-for-stm32.9-2020-q2-update.win32_2.0.0.202105311346/tools/bin/../lib/gcc/arm-none-eabi/9.3.1/../../../../arm-none-eabi/lib/thumb/v7e-m+dp/hard\libc_nano.a(lib_a-findfp.o)
                0x000000000800ad94                __sfp_lock_release
 .text.__sinit_lock_acquire
                0x000000000800ada0        0xc c:/st/stm32cubeide_1.8.0/stm32cubeide/plugins/com.st.stm32cube.ide.mcu.externaltools.gnu-tools-for-stm32.9-2020-q2-update.win32_2.0.0.202105311346/tools/bin/../lib/gcc/arm-none-eabi/9.3.1/../../../../arm-none-eabi/lib/thumb/v7e-m+dp/hard\libc_nano.a(lib_a-findfp.o)
                0x000000000800ada0                __sinit_lock_acquire
 .text.__sinit_lock_release
                0x000000000800adac        0xc c:/st/stm32cubeide_1.8.0/stm32cubeide/plugins/com.st.stm32cube.ide.mcu.externaltools.gnu-tools-for-stm32.9-2020-q2-update.win32_2.0.0.202105311346/tools/bin/../lib/gcc/arm-none-eabi/9.3.1/../../../../arm-none-eabi/lib/thumb/v7e-m+dp/hard\libc_nano.a(lib_a-findfp.o)
                0x000000000800adac                __sinit_lock_release
 .text.__sinit  0x000000000800adb8       0x70 c:/st/stm32cubeide_1.8.0/stm32cubeide/plugins/com.st.stm32cube.ide.mcu.externaltools.gnu-tools-for-stm32.9-2020-q2-update.win32_2.0.0.202105311346/tools/bin/../lib/gcc/arm-none-eabi/9.3.1/../../../../arm-none-eabi/lib/thumb/v7e-m+dp/hard\libc_nano.a(lib_a-findfp.o)
                0x000000000800adb8                __sinit
 .text.__sfp    0x000000000800ae28       0x8c c:/st/stm32cubeide_1.8.0/stm32cubeide/plugins/com.st.stm32cube.ide.mcu.externaltools.gnu-tools-for-stm32.9-2020-q2-update.win32_2.0.0.202105311346/tools/bin/../lib/gcc/arm-none-eabi/9.3.1/../../../../arm-none-eabi/lib/thumb/v7e-m+dp/hard\libc_nano.a(lib_a-findfp.o)
                0x000000000800ae28                __sfp
 .text._fwalk_reent
                0x000000000800aeb4       0x3e c:/st/stm32cubeide_1.8.0/stm32cubeide/plugins/com.st.stm32cube.ide.mcu.externaltools.gnu-tools-for-stm32.9-2020-q2-update.win32_2.0.0.202105311346/tools/bin/../lib/gcc/arm-none-eabi/9.3.1/../../../../arm-none-eabi/lib/thumb/v7e-m+dp/hard\libc_nano.a(lib_a-fwalk.o)
                0x000000000800aeb4                _fwalk_reent
 *fill*         0x000000000800aef2        0x2 
 .text.__libc_init_array
                0x000000000800aef4       0x48 c:/st/stm32cubeide_1.8.0/stm32cubeide/plugins/com.st.stm32cube.ide.mcu.externaltools.gnu-tools-for-stm32.9-2020-q2-update.win32_2.0.0.202105311346/tools/bin/../lib/gcc/arm-none-eabi/9.3.1/../../../../arm-none-eabi/lib/thumb/v7e-m+dp/hard\libc_nano.a(lib_a-init.o)
                0x000000000800aef4                __libc_init_array
 .text.__retarget_lock_init_recursive
                0x000000000800af3c        0x2 c:/st/stm32cubeide_1.8.0/stm32cubeide/plugins/com.st.stm32cube.ide.mcu.externaltools.gnu-tools-for-stm32.9-2020-q2-update.win32_2.0.0.202105311346/tools/bin/../lib/gcc/arm-none-eabi/9.3.1/../../../../arm-none-eabi/lib/thumb/v7e-m+dp/hard\libc_nano.a(lib_a-lock.o)
                0x000000000800af3c                __retarget_lock_init_recursive
 .text.__retarget_lock_acquire_recursive
                0x000000000800af3e        0x2 c:/st/stm32cubeide_1.8.0/stm32cubeide/plugins/com.st.stm32cube.ide.mcu.externaltools.gnu-tools-for-stm32.9-2020-q2-update.win32_2.0.0.202105311346/tools/bin/../lib/gcc/arm-none-eabi/9.3.1/../../../../arm-none-eabi/lib/thumb/v7e-m+dp/hard\libc_nano.a(lib_a-lock.o)
                0x000000000800af3e                __retarget_lock_acquire_recursive
 .text.__retarget_lock_release_recursive
                0x000000000800af40        0x2 c:/st/stm32cubeide_1.8.0/stm32cubeide/plugins/com.st.stm32cube.ide.mcu.externaltools.gnu-tools-for-stm32.9-2020-q2-update.win32_2.0.0.202105311346/tools/bin/../lib/gcc/arm-none-eabi/9.3.1/../../../../arm-none-eabi/lib/thumb/v7e-m+dp/hard\libc_nano.a(lib_a-lock.o)
                0x000000000800af40                __retarget_lock_release_recursive
 *fill*         0x000000000800af42        0x2 
 .text.malloc   0x000000000800af44       0x10 c:/st/stm32cubeide_1.8.0/stm32cubeide/plugins/com.st.stm32cube.ide.mcu.externaltools.gnu-tools-for-stm32.9-2020-q2-update.win32_2.0.0.202105311346/tools/bin/../lib/gcc/arm-none-eabi/9.3.1/../../../../arm-none-eabi/lib/thumb/v7e-m+dp/hard\libc_nano.a(lib_a-malloc.o)
                0x000000000800af44                malloc
 .text.memcpy   0x000000000800af54       0x1c c:/st/stm32cubeide_1.8.0/stm32cubeide/plugins/com.st.stm32cube.ide.mcu.externaltools.gnu-tools-for-stm32.9-2020-q2-update.win32_2.0.0.202105311346/tools/bin/../lib/gcc/arm-none-eabi/9.3.1/../../../../arm-none-eabi/lib/thumb/v7e-m+dp/hard\libc_nano.a(lib_a-memcpy-stub.o)
                0x000000000800af54                memcpy
 .text.memset   0x000000000800af70       0x10 c:/st/stm32cubeide_1.8.0/stm32cubeide/plugins/com.st.stm32cube.ide.mcu.externaltools.gnu-tools-for-stm32.9-2020-q2-update.win32_2.0.0.202105311346/tools/bin/../lib/gcc/arm-none-eabi/9.3.1/../../../../arm-none-eabi/lib/thumb/v7e-m+dp/hard\libc_nano.a(lib_a-memset.o)
                0x000000000800af70                memset
 .text._free_r  0x000000000800af80       0xa0 c:/st/stm32cubeide_1.8.0/stm32cubeide/plugins/com.st.stm32cube.ide.mcu.externaltools.gnu-tools-for-stm32.9-2020-q2-update.win32_2.0.0.202105311346/tools/bin/../lib/gcc/arm-none-eabi/9.3.1/../../../../arm-none-eabi/lib/thumb/v7e-m+dp/hard\libc_nano.a(lib_a-nano-freer.o)
                0x000000000800af80                _free_r
 .text._malloc_r
                0x000000000800b020       0xb4 c:/st/stm32cubeide_1.8.0/stm32cubeide/plugins/com.st.stm32cube.ide.mcu.externaltools.gnu-tools-for-stm32.9-2020-q2-update.win32_2.0.0.202105311346/tools/bin/../lib/gcc/arm-none-eabi/9.3.1/../../../../arm-none-eabi/lib/thumb/v7e-m+dp/hard\libc_nano.a(lib_a-nano-mallocr.o)
                0x000000000800b020                _malloc_r
 .text.__cvt    0x000000000800b0d4       0xa4 c:/st/stm32cubeide_1.8.0/stm32cubeide/plugins/com.st.stm32cube.ide.mcu.externaltools.gnu-tools-for-stm32.9-2020-q2-update.win32_2.0.0.202105311346/tools/bin/../lib/gcc/arm-none-eabi/9.3.1/../../../../arm-none-eabi/lib/thumb/v7e-m+dp/hard\libc_nano.a(lib_a-nano-vfprintf_float.o)
                0x000000000800b0d4                __cvt
 .text.__exponent
                0x000000000800b178       0x7c c:/st/stm32cubeide_1.8.0/stm32cubeide/plugins/com.st.stm32cube.ide.mcu.externaltools.gnu-tools-for-stm32.9-2020-q2-update.win32_2.0.0.202105311346/tools/bin/../lib/gcc/arm-none-eabi/9.3.1/../../../../arm-none-eabi/lib/thumb/v7e-m+dp/hard\libc_nano.a(lib_a-nano-vfprintf_float.o)
                0x000000000800b178                __exponent
 *fill*         0x000000000800b1f4        0x4 
 .text._printf_float
                0x000000000800b1f8      0x43c c:/st/stm32cubeide_1.8.0/stm32cubeide/plugins/com.st.stm32cube.ide.mcu.externaltools.gnu-tools-for-stm32.9-2020-q2-update.win32_2.0.0.202105311346/tools/bin/../lib/gcc/arm-none-eabi/9.3.1/../../../../arm-none-eabi/lib/thumb/v7e-m+dp/hard\libc_nano.a(lib_a-nano-vfprintf_float.o)
                0x000000000800b1f8                _printf_float
 .text._printf_common
                0x000000000800b634       0xda c:/st/stm32cubeide_1.8.0/stm32cubeide/plugins/com.st.stm32cube.ide.mcu.externaltools.gnu-tools-for-stm32.9-2020-q2-update.win32_2.0.0.202105311346/tools/bin/../lib/gcc/arm-none-eabi/9.3.1/../../../../arm-none-eabi/lib/thumb/v7e-m+dp/hard\libc_nano.a(lib_a-nano-vfprintf_i.o)
                0x000000000800b634                _printf_common
 *fill*         0x000000000800b70e        0x2 
 .text._printf_i
                0x000000000800b710      0x24c c:/st/stm32cubeide_1.8.0/stm32cubeide/plugins/com.st.stm32cube.ide.mcu.externaltools.gnu-tools-for-stm32.9-2020-q2-update.win32_2.0.0.202105311346/tools/bin/../lib/gcc/arm-none-eabi/9.3.1/../../../../arm-none-eabi/lib/thumb/v7e-m+dp/hard\libc_nano.a(lib_a-nano-vfprintf_i.o)
                0x000000000800b710                _printf_i
 .text._scanf_float
                0x000000000800b95c      0x408 c:/st/stm32cubeide_1.8.0/stm32cubeide/plugins/com.st.stm32cube.ide.mcu.externaltools.gnu-tools-for-stm32.9-2020-q2-update.win32_2.0.0.202105311346/tools/bin/../lib/gcc/arm-none-eabi/9.3.1/../../../../arm-none-eabi/lib/thumb/v7e-m+dp/hard\libc_nano.a(lib_a-nano-vfscanf_float.o)
                0x000000000800b95c                _scanf_float
 .text.printf   0x000000000800bd64       0x30 c:/st/stm32cubeide_1.8.0/stm32cubeide/plugins/com.st.stm32cube.ide.mcu.externaltools.gnu-tools-for-stm32.9-2020-q2-update.win32_2.0.0.202105311346/tools/bin/../lib/gcc/arm-none-eabi/9.3.1/../../../../arm-none-eabi/lib/thumb/v7e-m+dp/hard\libc_nano.a(lib_a-printf.o)
                0x000000000800bd64                iprintf
                0x000000000800bd64                printf
 .text.putchar  0x000000000800bd94       0x2c c:/st/stm32cubeide_1.8.0/stm32cubeide/plugins/com.st.stm32cube.ide.mcu.externaltools.gnu-tools-for-stm32.9-2020-q2-update.win32_2.0.0.202105311346/tools/bin/../lib/gcc/arm-none-eabi/9.3.1/../../../../arm-none-eabi/lib/thumb/v7e-m+dp/hard\libc_nano.a(lib_a-putchar.o)
                0x000000000800bd94                putchar
 .text._puts_r  0x000000000800bdc0       0xdc c:/st/stm32cubeide_1.8.0/stm32cubeide/plugins/com.st.stm32cube.ide.mcu.externaltools.gnu-tools-for-stm32.9-2020-q2-update.win32_2.0.0.202105311346/tools/bin/../lib/gcc/arm-none-eabi/9.3.1/../../../../arm-none-eabi/lib/thumb/v7e-m+dp/hard\libc_nano.a(lib_a-puts.o)
                0x000000000800bdc0                _puts_r
 .text.puts     0x000000000800be9c       0x10 c:/st/stm32cubeide_1.8.0/stm32cubeide/plugins/com.st.stm32cube.ide.mcu.externaltools.gnu-tools-for-stm32.9-2020-q2-update.win32_2.0.0.202105311346/tools/bin/../lib/gcc/arm-none-eabi/9.3.1/../../../../arm-none-eabi/lib/thumb/v7e-m+dp/hard\libc_nano.a(lib_a-puts.o)
                0x000000000800be9c                puts
 .text.cleanup_glue
                0x000000000800beac       0x1a c:/st/stm32cubeide_1.8.0/stm32cubeide/plugins/com.st.stm32cube.ide.mcu.externaltools.gnu-tools-for-stm32.9-2020-q2-update.win32_2.0.0.202105311346/tools/bin/../lib/gcc/arm-none-eabi/9.3.1/../../../../arm-none-eabi/lib/thumb/v7e-m+dp/hard\libc_nano.a(lib_a-reent.o)
                0x000000000800beac                cleanup_glue
 *fill*         0x000000000800bec6        0x2 
 .text._reclaim_reent
                0x000000000800bec8       0xb8 c:/st/stm32cubeide_1.8.0/stm32cubeide/plugins/com.st.stm32cube.ide.mcu.externaltools.gnu-tools-for-stm32.9-2020-q2-update.win32_2.0.0.202105311346/tools/bin/../lib/gcc/arm-none-eabi/9.3.1/../../../../arm-none-eabi/lib/thumb/v7e-m+dp/hard\libc_nano.a(lib_a-reent.o)
                0x000000000800bec8                _reclaim_reent
 .text._sbrk_r  0x000000000800bf80       0x20 c:/st/stm32cubeide_1.8.0/stm32cubeide/plugins/com.st.stm32cube.ide.mcu.externaltools.gnu-tools-for-stm32.9-2020-q2-update.win32_2.0.0.202105311346/tools/bin/../lib/gcc/arm-none-eabi/9.3.1/../../../../arm-none-eabi/lib/thumb/v7e-m+dp/hard\libc_nano.a(lib_a-sbrkr.o)
                0x000000000800bf80                _sbrk_r
 .text.nanf     0x000000000800bfa0        0xc c:/st/stm32cubeide_1.8.0/stm32cubeide/plugins/com.st.stm32cube.ide.mcu.externaltools.gnu-tools-for-stm32.9-2020-q2-update.win32_2.0.0.202105311346/tools/bin/../lib/gcc/arm-none-eabi/9.3.1/../../../../arm-none-eabi/lib/thumb/v7e-m+dp/hard\libc_nano.a(lib_a-sf_nan.o)
                0x000000000800bfa0                nanf
 .text.sprintf  0x000000000800bfac       0x40 c:/st/stm32cubeide_1.8.0/stm32cubeide/plugins/com.st.stm32cube.ide.mcu.externaltools.gnu-tools-for-stm32.9-2020-q2-update.win32_2.0.0.202105311346/tools/bin/../lib/gcc/arm-none-eabi/9.3.1/../../../../arm-none-eabi/lib/thumb/v7e-m+dp/hard\libc_nano.a(lib_a-sprintf.o)
                0x000000000800bfac                siprintf
                0x000000000800bfac                sprintf
 .text.__sread  0x000000000800bfec       0x22 c:/st/stm32cubeide_1.8.0/stm32cubeide/plugins/com.st.stm32cube.ide.mcu.externaltools.gnu-tools-for-stm32.9-2020-q2-update.win32_2.0.0.202105311346/tools/bin/../lib/gcc/arm-none-eabi/9.3.1/../../../../arm-none-eabi/lib/thumb/v7e-m+dp/hard\libc_nano.a(lib_a-stdio.o)
                0x000000000800bfec                __sread
 .text.__swrite
                0x000000000800c00e       0x38 c:/st/stm32cubeide_1.8.0/stm32cubeide/plugins/com.st.stm32cube.ide.mcu.externaltools.gnu-tools-for-stm32.9-2020-q2-update.win32_2.0.0.202105311346/tools/bin/../lib/gcc/arm-none-eabi/9.3.1/../../../../arm-none-eabi/lib/thumb/v7e-m+dp/hard\libc_nano.a(lib_a-stdio.o)
                0x000000000800c00e                __swrite
 .text.__sseek  0x000000000800c046       0x24 c:/st/stm32cubeide_1.8.0/stm32cubeide/plugins/com.st.stm32cube.ide.mcu.externaltools.gnu-tools-for-stm32.9-2020-q2-update.win32_2.0.0.202105311346/tools/bin/../lib/gcc/arm-none-eabi/9.3.1/../../../../arm-none-eabi/lib/thumb/v7e-m+dp/hard\libc_nano.a(lib_a-stdio.o)
                0x000000000800c046                __sseek
 .text.__sclose
                0x000000000800c06a        0x8 c:/st/stm32cubeide_1.8.0/stm32cubeide/plugins/com.st.stm32cube.ide.mcu.externaltools.gnu-tools-for-stm32.9-2020-q2-update.win32_2.0.0.202105311346/tools/bin/../lib/gcc/arm-none-eabi/9.3.1/../../../../arm-none-eabi/lib/thumb/v7e-m+dp/hard\libc_nano.a(lib_a-stdio.o)
                0x000000000800c06a                __sclose
 .text.sulp     0x000000000800c072       0x34 c:/st/stm32cubeide_1.8.0/stm32cubeide/plugins/com.st.stm32cube.ide.mcu.externaltools.gnu-tools-for-stm32.9-2020-q2-update.win32_2.0.0.202105311346/tools/bin/../lib/gcc/arm-none-eabi/9.3.1/../../../../arm-none-eabi/lib/thumb/v7e-m+dp/hard\libc_nano.a(lib_a-strtod.o)
 *fill*         0x000000000800c0a6        0x2 
 .text._strtod_l
                0x000000000800c0a8      0xbac c:/st/stm32cubeide_1.8.0/stm32cubeide/plugins/com.st.stm32cube.ide.mcu.externaltools.gnu-tools-for-stm32.9-2020-q2-update.win32_2.0.0.202105311346/tools/bin/../lib/gcc/arm-none-eabi/9.3.1/../../../../arm-none-eabi/lib/thumb/v7e-m+dp/hard\libc_nano.a(lib_a-strtod.o)
                0x000000000800c0a8                _strtod_l
 .text._strtod_r
                0x000000000800cc54        0xc c:/st/stm32cubeide_1.8.0/stm32cubeide/plugins/com.st.stm32cube.ide.mcu.externaltools.gnu-tools-for-stm32.9-2020-q2-update.win32_2.0.0.202105311346/tools/bin/../lib/gcc/arm-none-eabi/9.3.1/../../../../arm-none-eabi/lib/thumb/v7e-m+dp/hard\libc_nano.a(lib_a-strtod.o)
                0x000000000800cc54                _strtod_r
 .text._strtol_l.isra.0
                0x000000000800cc60      0x108 c:/st/stm32cubeide_1.8.0/stm32cubeide/plugins/com.st.stm32cube.ide.mcu.externaltools.gnu-tools-for-stm32.9-2020-q2-update.win32_2.0.0.202105311346/tools/bin/../lib/gcc/arm-none-eabi/9.3.1/../../../../arm-none-eabi/lib/thumb/v7e-m+dp/hard\libc_nano.a(lib_a-strtol.o)
 .text._strtol_r
                0x000000000800cd68        0x4 c:/st/stm32cubeide_1.8.0/stm32cubeide/plugins/com.st.stm32cube.ide.mcu.externaltools.gnu-tools-for-stm32.9-2020-q2-update.win32_2.0.0.202105311346/tools/bin/../lib/gcc/arm-none-eabi/9.3.1/../../../../arm-none-eabi/lib/thumb/v7e-m+dp/hard\libc_nano.a(lib_a-strtol.o)
                0x000000000800cd68                _strtol_r
 .text.__swbuf_r
                0x000000000800cd6c       0xa4 c:/st/stm32cubeide_1.8.0/stm32cubeide/plugins/com.st.stm32cube.ide.mcu.externaltools.gnu-tools-for-stm32.9-2020-q2-update.win32_2.0.0.202105311346/tools/bin/../lib/gcc/arm-none-eabi/9.3.1/../../../../arm-none-eabi/lib/thumb/v7e-m+dp/hard\libc_nano.a(lib_a-wbuf.o)
                0x000000000800cd6c                __swbuf_r
 .text._write_r
                0x000000000800ce10       0x24 c:/st/stm32cubeide_1.8.0/stm32cubeide/plugins/com.st.stm32cube.ide.mcu.externaltools.gnu-tools-for-stm32.9-2020-q2-update.win32_2.0.0.202105311346/tools/bin/../lib/gcc/arm-none-eabi/9.3.1/../../../../arm-none-eabi/lib/thumb/v7e-m+dp/hard\libc_nano.a(lib_a-writer.o)
                0x000000000800ce10                _write_r
 .text.__swsetup_r
                0x000000000800ce34       0xdc c:/st/stm32cubeide_1.8.0/stm32cubeide/plugins/com.st.stm32cube.ide.mcu.externaltools.gnu-tools-for-stm32.9-2020-q2-update.win32_2.0.0.202105311346/tools/bin/../lib/gcc/arm-none-eabi/9.3.1/../../../../arm-none-eabi/lib/thumb/v7e-m+dp/hard\libc_nano.a(lib_a-wsetup.o)
                0x000000000800ce34                __swsetup_r
 .text._close_r
                0x000000000800cf10       0x20 c:/st/stm32cubeide_1.8.0/stm32cubeide/plugins/com.st.stm32cube.ide.mcu.externaltools.gnu-tools-for-stm32.9-2020-q2-update.win32_2.0.0.202105311346/tools/bin/../lib/gcc/arm-none-eabi/9.3.1/../../../../arm-none-eabi/lib/thumb/v7e-m+dp/hard\libc_nano.a(lib_a-closer.o)
                0x000000000800cf10                _close_r
 .text.quorem   0x000000000800cf30      0x116 c:/st/stm32cubeide_1.8.0/stm32cubeide/plugins/com.st.stm32cube.ide.mcu.externaltools.gnu-tools-for-stm32.9-2020-q2-update.win32_2.0.0.202105311346/tools/bin/../lib/gcc/arm-none-eabi/9.3.1/../../../../arm-none-eabi/lib/thumb/v7e-m+dp/hard\libc_nano.a(lib_a-dtoa.o)
 *fill*         0x000000000800d046        0x2 
 .text._dtoa_r  0x000000000800d048      0xb04 c:/st/stm32cubeide_1.8.0/stm32cubeide/plugins/com.st.stm32cube.ide.mcu.externaltools.gnu-tools-for-stm32.9-2020-q2-update.win32_2.0.0.202105311346/tools/bin/../lib/gcc/arm-none-eabi/9.3.1/../../../../arm-none-eabi/lib/thumb/v7e-m+dp/hard\libc_nano.a(lib_a-dtoa.o)
                0x000000000800d048                _dtoa_r
 .text.__sflush_r
                0x000000000800db4c      0x10c c:/st/stm32cubeide_1.8.0/stm32cubeide/plugins/com.st.stm32cube.ide.mcu.externaltools.gnu-tools-for-stm32.9-2020-q2-update.win32_2.0.0.202105311346/tools/bin/../lib/gcc/arm-none-eabi/9.3.1/../../../../arm-none-eabi/lib/thumb/v7e-m+dp/hard\libc_nano.a(lib_a-fflush.o)
                0x000000000800db4c                __sflush_r
 .text._fflush_r
                0x000000000800dc58       0x78 c:/st/stm32cubeide_1.8.0/stm32cubeide/plugins/com.st.stm32cube.ide.mcu.externaltools.gnu-tools-for-stm32.9-2020-q2-update.win32_2.0.0.202105311346/tools/bin/../lib/gcc/arm-none-eabi/9.3.1/../../../../arm-none-eabi/lib/thumb/v7e-m+dp/hard\libc_nano.a(lib_a-fflush.o)
                0x000000000800dc58                _fflush_r
 .text.rshift   0x000000000800dcd0       0xa4 c:/st/stm32cubeide_1.8.0/stm32cubeide/plugins/com.st.stm32cube.ide.mcu.externaltools.gnu-tools-for-stm32.9-2020-q2-update.win32_2.0.0.202105311346/tools/bin/../lib/gcc/arm-none-eabi/9.3.1/../../../../arm-none-eabi/lib/thumb/v7e-m+dp/hard\libc_nano.a(lib_a-gdtoa-gethex.o)
 .text.__hexdig_fun
                0x000000000800dd74       0x2a c:/st/stm32cubeide_1.8.0/stm32cubeide/plugins/com.st.stm32cube.ide.mcu.externaltools.gnu-tools-for-stm32.9-2020-q2-update.win32_2.0.0.202105311346/tools/bin/../lib/gcc/arm-none-eabi/9.3.1/../../../../arm-none-eabi/lib/thumb/v7e-m+dp/hard\libc_nano.a(lib_a-gdtoa-gethex.o)
                0x000000000800dd74                __hexdig_fun
 *fill*         0x000000000800dd9e        0x2 
 .text.__gethex
                0x000000000800dda0      0x48c c:/st/stm32cubeide_1.8.0/stm32cubeide/plugins/com.st.stm32cube.ide.mcu.externaltools.gnu-tools-for-stm32.9-2020-q2-update.win32_2.0.0.202105311346/tools/bin/../lib/gcc/arm-none-eabi/9.3.1/../../../../arm-none-eabi/lib/thumb/v7e-m+dp/hard\libc_nano.a(lib_a-gdtoa-gethex.o)
                0x000000000800dda0                __gethex
 .text.L_shift  0x000000000800e22c       0x24 c:/st/stm32cubeide_1.8.0/stm32cubeide/plugins/com.st.stm32cube.ide.mcu.externaltools.gnu-tools-for-stm32.9-2020-q2-update.win32_2.0.0.202105311346/tools/bin/../lib/gcc/arm-none-eabi/9.3.1/../../../../arm-none-eabi/lib/thumb/v7e-m+dp/hard\libc_nano.a(lib_a-gdtoa-hexnan.o)
 .text.__match  0x000000000800e250       0x28 c:/st/stm32cubeide_1.8.0/stm32cubeide/plugins/com.st.stm32cube.ide.mcu.externaltools.gnu-tools-for-stm32.9-2020-q2-update.win32_2.0.0.202105311346/tools/bin/../lib/gcc/arm-none-eabi/9.3.1/../../../../arm-none-eabi/lib/thumb/v7e-m+dp/hard\libc_nano.a(lib_a-gdtoa-hexnan.o)
                0x000000000800e250                __match
 .text.__hexnan
                0x000000000800e278      0x138 c:/st/stm32cubeide_1.8.0/stm32cubeide/plugins/com.st.stm32cube.ide.mcu.externaltools.gnu-tools-for-stm32.9-2020-q2-update.win32_2.0.0.202105311346/tools/bin/../lib/gcc/arm-none-eabi/9.3.1/../../../../arm-none-eabi/lib/thumb/v7e-m+dp/hard\libc_nano.a(lib_a-gdtoa-hexnan.o)
                0x000000000800e278                __hexnan
 .text._localeconv_r
                0x000000000800e3b0        0x8 c:/st/stm32cubeide_1.8.0/stm32cubeide/plugins/com.st.stm32cube.ide.mcu.externaltools.gnu-tools-for-stm32.9-2020-q2-update.win32_2.0.0.202105311346/tools/bin/../lib/gcc/arm-none-eabi/9.3.1/../../../../arm-none-eabi/lib/thumb/v7e-m+dp/hard\libc_nano.a(lib_a-localeconv.o)
                0x000000000800e3b0                _localeconv_r
 .text._lseek_r
                0x000000000800e3b8       0x24 c:/st/stm32cubeide_1.8.0/stm32cubeide/plugins/com.st.stm32cube.ide.mcu.externaltools.gnu-tools-for-stm32.9-2020-q2-update.win32_2.0.0.202105311346/tools/bin/../lib/gcc/arm-none-eabi/9.3.1/../../../../arm-none-eabi/lib/thumb/v7e-m+dp/hard\libc_nano.a(lib_a-lseekr.o)
                0x000000000800e3b8                _lseek_r
 .text.__swhatbuf_r
                0x000000000800e3dc       0x48 c:/st/stm32cubeide_1.8.0/stm32cubeide/plugins/com.st.stm32cube.ide.mcu.externaltools.gnu-tools-for-stm32.9-2020-q2-update.win32_2.0.0.202105311346/tools/bin/../lib/gcc/arm-none-eabi/9.3.1/../../../../arm-none-eabi/lib/thumb/v7e-m+dp/hard\libc_nano.a(lib_a-makebuf.o)
                0x000000000800e3dc                __swhatbuf_r
 .text.__smakebuf_r
                0x000000000800e424       0x80 c:/st/stm32cubeide_1.8.0/stm32cubeide/plugins/com.st.stm32cube.ide.mcu.externaltools.gnu-tools-for-stm32.9-2020-q2-update.win32_2.0.0.202105311346/tools/bin/../lib/gcc/arm-none-eabi/9.3.1/../../../../arm-none-eabi/lib/thumb/v7e-m+dp/hard\libc_nano.a(lib_a-makebuf.o)
                0x000000000800e424                __smakebuf_r
 .text.__ascii_mbtowc
                0x000000000800e4a4       0x24 c:/st/stm32cubeide_1.8.0/stm32cubeide/plugins/com.st.stm32cube.ide.mcu.externaltools.gnu-tools-for-stm32.9-2020-q2-update.win32_2.0.0.202105311346/tools/bin/../lib/gcc/arm-none-eabi/9.3.1/../../../../arm-none-eabi/lib/thumb/v7e-m+dp/hard\libc_nano.a(lib_a-mbtowc_r.o)
                0x000000000800e4a4                __ascii_mbtowc
 .text.__malloc_lock
                0x000000000800e4c8        0xc c:/st/stm32cubeide_1.8.0/stm32cubeide/plugins/com.st.stm32cube.ide.mcu.externaltools.gnu-tools-for-stm32.9-2020-q2-update.win32_2.0.0.202105311346/tools/bin/../lib/gcc/arm-none-eabi/9.3.1/../../../../arm-none-eabi/lib/thumb/v7e-m+dp/hard\libc_nano.a(lib_a-mlock.o)
                0x000000000800e4c8                __malloc_lock
 .text.__malloc_unlock
                0x000000000800e4d4        0xc c:/st/stm32cubeide_1.8.0/stm32cubeide/plugins/com.st.stm32cube.ide.mcu.externaltools.gnu-tools-for-stm32.9-2020-q2-update.win32_2.0.0.202105311346/tools/bin/../lib/gcc/arm-none-eabi/9.3.1/../../../../arm-none-eabi/lib/thumb/v7e-m+dp/hard\libc_nano.a(lib_a-mlock.o)
                0x000000000800e4d4                __malloc_unlock
 .text._Balloc  0x000000000800e4e0       0x80 c:/st/stm32cubeide_1.8.0/stm32cubeide/plugins/com.st.stm32cube.ide.mcu.externaltools.gnu-tools-for-stm32.9-2020-q2-update.win32_2.0.0.202105311346/tools/bin/../lib/gcc/arm-none-eabi/9.3.1/../../../../arm-none-eabi/lib/thumb/v7e-m+dp/hard\libc_nano.a(lib_a-mprec.o)
                0x000000000800e4e0                _Balloc
 .text._Bfree   0x000000000800e560       0x44 c:/st/stm32cubeide_1.8.0/stm32cubeide/plugins/com.st.stm32cube.ide.mcu.externaltools.gnu-tools-for-stm32.9-2020-q2-update.win32_2.0.0.202105311346/tools/bin/../lib/gcc/arm-none-eabi/9.3.1/../../../../arm-none-eabi/lib/thumb/v7e-m+dp/hard\libc_nano.a(lib_a-mprec.o)
                0x000000000800e560                _Bfree
 .text.__multadd
                0x000000000800e5a4       0x94 c:/st/stm32cubeide_1.8.0/stm32cubeide/plugins/com.st.stm32cube.ide.mcu.externaltools.gnu-tools-for-stm32.9-2020-q2-update.win32_2.0.0.202105311346/tools/bin/../lib/gcc/arm-none-eabi/9.3.1/../../../../arm-none-eabi/lib/thumb/v7e-m+dp/hard\libc_nano.a(lib_a-mprec.o)
                0x000000000800e5a4                __multadd
 .text.__s2b    0x000000000800e638       0x94 c:/st/stm32cubeide_1.8.0/stm32cubeide/plugins/com.st.stm32cube.ide.mcu.externaltools.gnu-tools-for-stm32.9-2020-q2-update.win32_2.0.0.202105311346/tools/bin/../lib/gcc/arm-none-eabi/9.3.1/../../../../arm-none-eabi/lib/thumb/v7e-m+dp/hard\libc_nano.a(lib_a-mprec.o)
                0x000000000800e638                __s2b
 .text.__hi0bits
                0x000000000800e6cc       0x40 c:/st/stm32cubeide_1.8.0/stm32cubeide/plugins/com.st.stm32cube.ide.mcu.externaltools.gnu-tools-for-stm32.9-2020-q2-update.win32_2.0.0.202105311346/tools/bin/../lib/gcc/arm-none-eabi/9.3.1/../../../../arm-none-eabi/lib/thumb/v7e-m+dp/hard\libc_nano.a(lib_a-mprec.o)
                0x000000000800e6cc                __hi0bits
 .text.__lo0bits
                0x000000000800e70c       0x60 c:/st/stm32cubeide_1.8.0/stm32cubeide/plugins/com.st.stm32cube.ide.mcu.externaltools.gnu-tools-for-stm32.9-2020-q2-update.win32_2.0.0.202105311346/tools/bin/../lib/gcc/arm-none-eabi/9.3.1/../../../../arm-none-eabi/lib/thumb/v7e-m+dp/hard\libc_nano.a(lib_a-mprec.o)
                0x000000000800e70c                __lo0bits
 .text.__i2b    0x000000000800e76c       0x2c c:/st/stm32cubeide_1.8.0/stm32cubeide/plugins/com.st.stm32cube.ide.mcu.externaltools.gnu-tools-for-stm32.9-2020-q2-update.win32_2.0.0.202105311346/tools/bin/../lib/gcc/arm-none-eabi/9.3.1/../../../../arm-none-eabi/lib/thumb/v7e-m+dp/hard\libc_nano.a(lib_a-mprec.o)
                0x000000000800e76c                __i2b
 .text.__multiply
                0x000000000800e798      0x14c c:/st/stm32cubeide_1.8.0/stm32cubeide/plugins/com.st.stm32cube.ide.mcu.externaltools.gnu-tools-for-stm32.9-2020-q2-update.win32_2.0.0.202105311346/tools/bin/../lib/gcc/arm-none-eabi/9.3.1/../../../../arm-none-eabi/lib/thumb/v7e-m+dp/hard\libc_nano.a(lib_a-mprec.o)
                0x000000000800e798                __multiply
 .text.__pow5mult
                0x000000000800e8e4       0xb4 c:/st/stm32cubeide_1.8.0/stm32cubeide/plugins/com.st.stm32cube.ide.mcu.externaltools.gnu-tools-for-stm32.9-2020-q2-update.win32_2.0.0.202105311346/tools/bin/../lib/gcc/arm-none-eabi/9.3.1/../../../../arm-none-eabi/lib/thumb/v7e-m+dp/hard\libc_nano.a(lib_a-mprec.o)
                0x000000000800e8e4                __pow5mult
 .text.__lshift
                0x000000000800e998       0xd8 c:/st/stm32cubeide_1.8.0/stm32cubeide/plugins/com.st.stm32cube.ide.mcu.externaltools.gnu-tools-for-stm32.9-2020-q2-update.win32_2.0.0.202105311346/tools/bin/../lib/gcc/arm-none-eabi/9.3.1/../../../../arm-none-eabi/lib/thumb/v7e-m+dp/hard\libc_nano.a(lib_a-mprec.o)
                0x000000000800e998                __lshift
 .text.__mcmp   0x000000000800ea70       0x38 c:/st/stm32cubeide_1.8.0/stm32cubeide/plugins/com.st.stm32cube.ide.mcu.externaltools.gnu-tools-for-stm32.9-2020-q2-update.win32_2.0.0.202105311346/tools/bin/../lib/gcc/arm-none-eabi/9.3.1/../../../../arm-none-eabi/lib/thumb/v7e-m+dp/hard\libc_nano.a(lib_a-mprec.o)
                0x000000000800ea70                __mcmp
 .text.__mdiff  0x000000000800eaa8      0x110 c:/st/stm32cubeide_1.8.0/stm32cubeide/plugins/com.st.stm32cube.ide.mcu.externaltools.gnu-tools-for-stm32.9-2020-q2-update.win32_2.0.0.202105311346/tools/bin/../lib/gcc/arm-none-eabi/9.3.1/../../../../arm-none-eabi/lib/thumb/v7e-m+dp/hard\libc_nano.a(lib_a-mprec.o)
                0x000000000800eaa8                __mdiff
 .text.__ulp    0x000000000800ebb8       0x58 c:/st/stm32cubeide_1.8.0/stm32cubeide/plugins/com.st.stm32cube.ide.mcu.externaltools.gnu-tools-for-stm32.9-2020-q2-update.win32_2.0.0.202105311346/tools/bin/../lib/gcc/arm-none-eabi/9.3.1/../../../../arm-none-eabi/lib/thumb/v7e-m+dp/hard\libc_nano.a(lib_a-mprec.o)
                0x000000000800ebb8                __ulp
 .text.__b2d    0x000000000800ec10       0xa0 c:/st/stm32cubeide_1.8.0/stm32cubeide/plugins/com.st.stm32cube.ide.mcu.externaltools.gnu-tools-for-stm32.9-2020-q2-update.win32_2.0.0.202105311346/tools/bin/../lib/gcc/arm-none-eabi/9.3.1/../../../../arm-none-eabi/lib/thumb/v7e-m+dp/hard\libc_nano.a(lib_a-mprec.o)
                0x000000000800ec10                __b2d
 .text.__d2b    0x000000000800ecb0       0xb8 c:/st/stm32cubeide_1.8.0/stm32cubeide/plugins/com.st.stm32cube.ide.mcu.externaltools.gnu-tools-for-stm32.9-2020-q2-update.win32_2.0.0.202105311346/tools/bin/../lib/gcc/arm-none-eabi/9.3.1/../../../../arm-none-eabi/lib/thumb/v7e-m+dp/hard\libc_nano.a(lib_a-mprec.o)
                0x000000000800ecb0                __d2b
 .text.__ratio  0x000000000800ed68       0x68 c:/st/stm32cubeide_1.8.0/stm32cubeide/plugins/com.st.stm32cube.ide.mcu.externaltools.gnu-tools-for-stm32.9-2020-q2-update.win32_2.0.0.202105311346/tools/bin/../lib/gcc/arm-none-eabi/9.3.1/../../../../arm-none-eabi/lib/thumb/v7e-m+dp/hard\libc_nano.a(lib_a-mprec.o)
                0x000000000800ed68                __ratio
 .text.__copybits
                0x000000000800edd0       0x46 c:/st/stm32cubeide_1.8.0/stm32cubeide/plugins/com.st.stm32cube.ide.mcu.externaltools.gnu-tools-for-stm32.9-2020-q2-update.win32_2.0.0.202105311346/tools/bin/../lib/gcc/arm-none-eabi/9.3.1/../../../../arm-none-eabi/lib/thumb/v7e-m+dp/hard\libc_nano.a(lib_a-mprec.o)
                0x000000000800edd0                __copybits
 .text.__any_on
                0x000000000800ee16       0x42 c:/st/stm32cubeide_1.8.0/stm32cubeide/plugins/com.st.stm32cube.ide.mcu.externaltools.gnu-tools-for-stm32.9-2020-q2-update.win32_2.0.0.202105311346/tools/bin/../lib/gcc/arm-none-eabi/9.3.1/../../../../arm-none-eabi/lib/thumb/v7e-m+dp/hard\libc_nano.a(lib_a-mprec.o)
                0x000000000800ee16                __any_on
 .text._calloc_r
                0x000000000800ee58       0x1e c:/st/stm32cubeide_1.8.0/stm32cubeide/plugins/com.st.stm32cube.ide.mcu.externaltools.gnu-tools-for-stm32.9-2020-q2-update.win32_2.0.0.202105311346/tools/bin/../lib/gcc/arm-none-eabi/9.3.1/../../../../arm-none-eabi/lib/thumb/v7e-m+dp/hard\libc_nano.a(lib_a-nano-callocr.o)
                0x000000000800ee58                _calloc_r
 .text.__ssputs_r
                0x000000000800ee76       0xb6 c:/st/stm32cubeide_1.8.0/stm32cubeide/plugins/com.st.stm32cube.ide.mcu.externaltools.gnu-tools-for-stm32.9-2020-q2-update.win32_2.0.0.202105311346/tools/bin/../lib/gcc/arm-none-eabi/9.3.1/../../../../arm-none-eabi/lib/thumb/v7e-m+dp/hard\libc_nano.a(lib_a-nano-svfprintf.o)
                0x000000000800ee76                __ssputs_r
 .text._svfprintf_r
                0x000000000800ef2c      0x200 c:/st/stm32cubeide_1.8.0/stm32cubeide/plugins/com.st.stm32cube.ide.mcu.externaltools.gnu-tools-for-stm32.9-2020-q2-update.win32_2.0.0.202105311346/tools/bin/../lib/gcc/arm-none-eabi/9.3.1/../../../../arm-none-eabi/lib/thumb/v7e-m+dp/hard\libc_nano.a(lib_a-nano-svfprintf.o)
                0x000000000800ef2c                _svfiprintf_r
                0x000000000800ef2c                _svfprintf_r
 .text.__sfputc_r
                0x000000000800f12c       0x2e c:/st/stm32cubeide_1.8.0/stm32cubeide/plugins/com.st.stm32cube.ide.mcu.externaltools.gnu-tools-for-stm32.9-2020-q2-update.win32_2.0.0.202105311346/tools/bin/../lib/gcc/arm-none-eabi/9.3.1/../../../../arm-none-eabi/lib/thumb/v7e-m+dp/hard\libc_nano.a(lib_a-nano-vfprintf.o)
 .text.__sfputs_r
                0x000000000800f15a       0x24 c:/st/stm32cubeide_1.8.0/stm32cubeide/plugins/com.st.stm32cube.ide.mcu.externaltools.gnu-tools-for-stm32.9-2020-q2-update.win32_2.0.0.202105311346/tools/bin/../lib/gcc/arm-none-eabi/9.3.1/../../../../arm-none-eabi/lib/thumb/v7e-m+dp/hard\libc_nano.a(lib_a-nano-vfprintf.o)
                0x000000000800f15a                __sfputs_r
 *fill*         0x000000000800f17e        0x2 
 .text._vfprintf_r
                0x000000000800f180      0x260 c:/st/stm32cubeide_1.8.0/stm32cubeide/plugins/com.st.stm32cube.ide.mcu.externaltools.gnu-tools-for-stm32.9-2020-q2-update.win32_2.0.0.202105311346/tools/bin/../lib/gcc/arm-none-eabi/9.3.1/../../../../arm-none-eabi/lib/thumb/v7e-m+dp/hard\libc_nano.a(lib_a-nano-vfprintf.o)
                0x000000000800f180                _vfprintf_r
                0x000000000800f180                _vfiprintf_r
 .text._putc_r  0x000000000800f3e0       0x90 c:/st/stm32cubeide_1.8.0/stm32cubeide/plugins/com.st.stm32cube.ide.mcu.externaltools.gnu-tools-for-stm32.9-2020-q2-update.win32_2.0.0.202105311346/tools/bin/../lib/gcc/arm-none-eabi/9.3.1/../../../../arm-none-eabi/lib/thumb/v7e-m+dp/hard\libc_nano.a(lib_a-putc.o)
                0x000000000800f3e0                _putc_r