main.c:153:5:main	8	static
main.c:273:6:SystemClock_Config	88	static
main.c:324:13:MX_TIM1_Init	112	static
main.c:404:13:MX_TIM2_Init	64	static
main.c:463:13:MX_TIM3_Init	64	static
main.c:527:13:MX_TIM4_Init	64	static
main.c:586:13:MX_USART3_UART_Init	8	static
main.c:622:13:MX_USART6_UART_Init	8	static
main.c:655:13:MX_DMA_Init	16	static
main.c:677:13:MX_GPIO_Init	32	static
main.c:691:6:USER_UART_IRQHandler	16	static
main.c:716:6:USER_UART_IRQHandler_1	16	static
main.c:731:6:HAL_UART_TxCpltCallback	16	static
main.c:740:1:__io_putchar	16	static
main.c:760:6:StartDefaultTask	344	static
main.c:950:6:HAL_TIM_PeriodElapsedCallback	16	static
main.c:967:6:Error_Handler	4	static,ignoring_inline_asm
