main.c:144:5:main	8	static
main.c:260:6:SystemClock_Config	88	static
main.c:311:13:MX_USART3_UART_Init	8	static
main.c:347:13:MX_USART6_UART_Init	8	static
main.c:380:13:MX_DMA_Init	16	static
main.c:402:13:MX_GPIO_Init	24	static
main.c:414:6:USER_UART_IRQHandler	16	static
main.c:439:6:USER_UART_IRQHandler_1	16	static
main.c:454:6:HAL_UART_TxCpltCallback	16	static
main.c:483:6:StartDefaultTask	336	static
main.c:607:6:HAL_TIM_PeriodElapsedCallback	16	static
main.c:624:6:Error_Handler	4	static,ignoring_inline_asm
